-- The C compiler identification is GNU 11.4.0
-- The CXX compiler identification is GNU 11.4.0
-- Detecting C compiler ABI info
-- Detecting C compiler ABI info - done
-- Check for working C compiler: /usr/bin/cc - skipped
-- Detecting C compile features
-- Detecting C compile features - done
-- Detecting CXX compiler ABI info
-- Detecting CXX compiler ABI info - done
-- Check for working CXX compiler: /usr/bin/c++ - skipped
-- Detecting CXX compile features
-- Detecting CXX compile features - done
-- Found ament_cmake: 1.3.12 (/opt/ros/humble/share/ament_cmake/cmake)
-- Found Python3: /usr/bin/python3 (found version "3.10.12") found components: Interpreter 
-- Found builtin_interfaces: 1.2.2 (/opt/ros/humble/share/builtin_interfaces/cmake)
-- Found rosidl_generator_c: 3.1.7 (/opt/ros/humble/share/rosidl_generator_c/cmake)
-- Found rosidl_adapter: 3.1.7 (/opt/ros/humble/share/rosidl_adapter/cmake)
-- Found rosidl_generator_cpp: 3.1.7 (/opt/ros/humble/share/rosidl_generator_cpp/cmake)
-- Using all available rosidl_typesupport_c: rosidl_typesupport_fastrtps_c;rosidl_typesupport_introspection_c
-- Using all available rosidl_typesupport_cpp: rosidl_typesupport_fastrtps_cpp;rosidl_typesupport_introspection_cpp
-- Found rosidl_default_generators: 1.2.0 (/opt/ros/humble/share/rosidl_default_generators/cmake)
-- Found ament_cmake_ros: 0.10.0 (/opt/ros/humble/share/ament_cmake_ros/cmake)
-- Using all available rosidl_typesupport_c: rosidl_typesupport_fastrtps_c;rosidl_typesupport_introspection_c
-- Using all available rosidl_typesupport_cpp: rosidl_typesupport_fastrtps_cpp;rosidl_typesupport_introspection_cpp
-- Found PythonInterp: /usr/bin/python3 (found suitable version "3.10.12", minimum required is "3.6") 
-- Found python_cmake_module: 0.10.0 (/opt/ros/humble/share/python_cmake_module/cmake)
-- Found PythonLibs: /usr/lib/x86_64-linux-gnu/libpython3.10.so (found suitable version "3.10.12", minimum required is "3.5") 
-- Using PYTHON_EXECUTABLE: /usr/bin/python3
-- Using PYTHON_INCLUDE_DIRS: /usr/include/python3.10
-- Using PYTHON_LIBRARIES: /usr/lib/x86_64-linux-gnu/libpython3.10.so
-- Found PythonExtra: .so  
-- Configuring done
-- Generating done
-- Build files have been written to: /home/hongxin/Projects/10_Github/common_tools/ezdxf_ws/build/cad_convert_msgs
[  3%] [34m[1mGenerating C code for ROS interfaces[0m
[  6%] [34m[1mGenerating C++ code for ROS interfaces[0m
[  6%] Built target ament_cmake_python_copy_cad_convert_msgs
running egg_info
creating cad_convert_msgs.egg-info
writing cad_convert_msgs.egg-info/PKG-INFO
writing dependency_links to cad_convert_msgs.egg-info/dependency_links.txt
writing top-level names to cad_convert_msgs.egg-info/top_level.txt
writing manifest file 'cad_convert_msgs.egg-info/SOURCES.txt'
reading manifest file 'cad_convert_msgs.egg-info/SOURCES.txt'
writing manifest file 'cad_convert_msgs.egg-info/SOURCES.txt'
[  9%] [32mBuilding C object CMakeFiles/cad_convert_msgs__rosidl_generator_c.dir/rosidl_generator_c/cad_convert_msgs/srv/detail/dxf_to_xml__functions.c.o[0m
[  9%] Built target ament_cmake_python_build_cad_convert_msgs_egg
[  9%] Built target cad_convert_msgs__cpp
[ 16%] [34m[1mGenerating C++ type support for eProsima Fast-RTPS[0m
[ 16%] [34m[1mGenerating C++ type support dispatch for ROS interfaces[0m
[ 19%] [34m[1mGenerating C++ introspection for ROS interfaces[0m
[ 22%] [32m[1mLinking C shared library libcad_convert_msgs__rosidl_generator_c.so[0m
[ 22%] Built target cad_convert_msgs__rosidl_generator_c
[ 25%] [34m[1mGenerating C introspection for ROS interfaces[0m
[ 29%] [34m[1mGenerating C type support for eProsima Fast-RTPS[0m
[ 32%] [34m[1mGenerating C type support dispatch for ROS interfaces[0m
[ 35%] [32mBuilding CXX object CMakeFiles/cad_convert_msgs__rosidl_typesupport_cpp.dir/rosidl_typesupport_cpp/cad_convert_msgs/srv/dxf_to_xml__type_support.cpp.o[0m
[ 38%] [32mBuilding CXX object CMakeFiles/cad_convert_msgs__rosidl_typesupport_introspection_cpp.dir/rosidl_typesupport_introspection_cpp/cad_convert_msgs/srv/detail/dxf_to_xml__type_support.cpp.o[0m
[ 41%] [32mBuilding CXX object CMakeFiles/cad_convert_msgs__rosidl_typesupport_fastrtps_cpp.dir/rosidl_typesupport_fastrtps_cpp/cad_convert_msgs/srv/detail/dds_fastrtps/dxf_to_xml__type_support.cpp.o[0m
[ 45%] [32mBuilding CXX object CMakeFiles/cad_convert_msgs__rosidl_typesupport_c.dir/rosidl_typesupport_c/cad_convert_msgs/srv/dxf_to_xml__type_support.cpp.o[0m
[ 48%] [32mBuilding CXX object CMakeFiles/cad_convert_msgs__rosidl_typesupport_fastrtps_c.dir/rosidl_typesupport_fastrtps_c/cad_convert_msgs/srv/detail/dxf_to_xml__type_support_c.cpp.o[0m
[ 51%] [32m[1mLinking CXX shared library libcad_convert_msgs__rosidl_typesupport_c.so[0m
[ 54%] [32mBuilding C object CMakeFiles/cad_convert_msgs__rosidl_typesupport_introspection_c.dir/rosidl_typesupport_introspection_c/cad_convert_msgs/srv/detail/dxf_to_xml__type_support.c.o[0m
[ 58%] [32m[1mLinking CXX shared library libcad_convert_msgs__rosidl_typesupport_cpp.so[0m
[ 58%] Built target cad_convert_msgs__rosidl_typesupport_c
[ 61%] [32m[1mLinking C shared library libcad_convert_msgs__rosidl_typesupport_introspection_c.so[0m
[ 61%] Built target cad_convert_msgs__rosidl_typesupport_cpp
[ 61%] Built target cad_convert_msgs__rosidl_typesupport_introspection_c
[ 64%] [32m[1mLinking CXX shared library libcad_convert_msgs__rosidl_typesupport_introspection_cpp.so[0m
[ 67%] [32m[1mLinking CXX shared library libcad_convert_msgs__rosidl_typesupport_fastrtps_cpp.so[0m
[ 67%] Built target cad_convert_msgs__rosidl_typesupport_introspection_cpp
[ 67%] Built target cad_convert_msgs__rosidl_typesupport_fastrtps_cpp
[ 70%] [32m[1mLinking CXX shared library libcad_convert_msgs__rosidl_typesupport_fastrtps_c.so[0m
[ 70%] Built target cad_convert_msgs__rosidl_typesupport_fastrtps_c
[ 70%] Built target cad_convert_msgs
[ 74%] [34m[1mGenerating Python code for ROS interfaces[0m
[ 74%] Built target cad_convert_msgs__py
[ 77%] [32mBuilding C object CMakeFiles/cad_convert_msgs__rosidl_generator_py.dir/rosidl_generator_py/cad_convert_msgs/srv/_dxf_to_xml_s.c.o[0m
[ 80%] [32m[1mLinking C shared library rosidl_generator_py/cad_convert_msgs/libcad_convert_msgs__rosidl_generator_py.so[0m
[ 80%] Built target cad_convert_msgs__rosidl_generator_py
[ 87%] [32mBuilding C object CMakeFiles/cad_convert_msgs__rosidl_typesupport_fastrtps_c__pyext.dir/rosidl_generator_py/cad_convert_msgs/_cad_convert_msgs_s.ep.rosidl_typesupport_fastrtps_c.c.o[0m
[ 87%] [32mBuilding C object CMakeFiles/cad_convert_msgs__rosidl_typesupport_introspection_c__pyext.dir/rosidl_generator_py/cad_convert_msgs/_cad_convert_msgs_s.ep.rosidl_typesupport_introspection_c.c.o[0m
[ 90%] [32mBuilding C object CMakeFiles/cad_convert_msgs__rosidl_typesupport_c__pyext.dir/rosidl_generator_py/cad_convert_msgs/_cad_convert_msgs_s.ep.rosidl_typesupport_c.c.o[0m
[ 93%] [32m[1mLinking C shared library rosidl_generator_py/cad_convert_msgs/cad_convert_msgs_s__rosidl_typesupport_fastrtps_c.cpython-310-x86_64-linux-gnu.so[0m
[ 96%] [32m[1mLinking C shared library rosidl_generator_py/cad_convert_msgs/cad_convert_msgs_s__rosidl_typesupport_introspection_c.cpython-310-x86_64-linux-gnu.so[0m
[100%] [32m[1mLinking C shared library rosidl_generator_py/cad_convert_msgs/cad_convert_msgs_s__rosidl_typesupport_c.cpython-310-x86_64-linux-gnu.so[0m
[100%] Built target cad_convert_msgs__rosidl_typesupport_fastrtps_c__pyext
[100%] Built target cad_convert_msgs__rosidl_typesupport_c__pyext
[100%] Built target cad_convert_msgs__rosidl_typesupport_introspection_c__pyext
-- Install configuration: ""
-- Installing: /home/hongxin/Projects/10_Github/common_tools/ezdxf_ws/install/cad_convert_msgs/share/ament_index/resource_index/rosidl_interfaces/cad_convert_msgs
-- Installing: /home/hongxin/Projects/10_Github/common_tools/ezdxf_ws/install/cad_convert_msgs/include/cad_convert_msgs/cad_convert_msgs
-- Installing: /home/hongxin/Projects/10_Github/common_tools/ezdxf_ws/install/cad_convert_msgs/include/cad_convert_msgs/cad_convert_msgs/srv
-- Installing: /home/hongxin/Projects/10_Github/common_tools/ezdxf_ws/install/cad_convert_msgs/include/cad_convert_msgs/cad_convert_msgs/srv/detail
-- Installing: /home/hongxin/Projects/10_Github/common_tools/ezdxf_ws/install/cad_convert_msgs/include/cad_convert_msgs/cad_convert_msgs/srv/detail/dxf_to_xml__struct.h
-- Installing: /home/hongxin/Projects/10_Github/common_tools/ezdxf_ws/install/cad_convert_msgs/include/cad_convert_msgs/cad_convert_msgs/srv/detail/dxf_to_xml__functions.c
-- Installing: /home/hongxin/Projects/10_Github/common_tools/ezdxf_ws/install/cad_convert_msgs/include/cad_convert_msgs/cad_convert_msgs/srv/detail/dxf_to_xml__type_support.h
-- Installing: /home/hongxin/Projects/10_Github/common_tools/ezdxf_ws/install/cad_convert_msgs/include/cad_convert_msgs/cad_convert_msgs/srv/detail/dxf_to_xml__functions.h
-- Installing: /home/hongxin/Projects/10_Github/common_tools/ezdxf_ws/install/cad_convert_msgs/include/cad_convert_msgs/cad_convert_msgs/srv/dxf_to_xml.h
-- Installing: /home/hongxin/Projects/10_Github/common_tools/ezdxf_ws/install/cad_convert_msgs/include/cad_convert_msgs/cad_convert_msgs/msg
-- Installing: /home/hongxin/Projects/10_Github/common_tools/ezdxf_ws/install/cad_convert_msgs/include/cad_convert_msgs/cad_convert_msgs/msg/rosidl_generator_c__visibility_control.h
-- Installing: /home/hongxin/Projects/10_Github/common_tools/ezdxf_ws/install/cad_convert_msgs/share/cad_convert_msgs/environment/library_path.sh
-- Installing: /home/hongxin/Projects/10_Github/common_tools/ezdxf_ws/install/cad_convert_msgs/share/cad_convert_msgs/environment/library_path.dsv
-- Installing: /home/hongxin/Projects/10_Github/common_tools/ezdxf_ws/install/cad_convert_msgs/lib/libcad_convert_msgs__rosidl_generator_c.so
-- Set runtime path of "/home/hongxin/Projects/10_Github/common_tools/ezdxf_ws/install/cad_convert_msgs/lib/libcad_convert_msgs__rosidl_generator_c.so" to ""
-- Up-to-date: /home/hongxin/Projects/10_Github/common_tools/ezdxf_ws/install/cad_convert_msgs/include/cad_convert_msgs/cad_convert_msgs
-- Up-to-date: /home/hongxin/Projects/10_Github/common_tools/ezdxf_ws/install/cad_convert_msgs/include/cad_convert_msgs/cad_convert_msgs/srv
-- Up-to-date: /home/hongxin/Projects/10_Github/common_tools/ezdxf_ws/install/cad_convert_msgs/include/cad_convert_msgs/cad_convert_msgs/srv/detail
-- Installing: /home/hongxin/Projects/10_Github/common_tools/ezdxf_ws/install/cad_convert_msgs/include/cad_convert_msgs/cad_convert_msgs/srv/detail/dxf_to_xml__rosidl_typesupport_fastrtps_c.h
-- Up-to-date: /home/hongxin/Projects/10_Github/common_tools/ezdxf_ws/install/cad_convert_msgs/include/cad_convert_msgs/cad_convert_msgs/msg
-- Installing: /home/hongxin/Projects/10_Github/common_tools/ezdxf_ws/install/cad_convert_msgs/include/cad_convert_msgs/cad_convert_msgs/msg/rosidl_typesupport_fastrtps_c__visibility_control.h
-- Installing: /home/hongxin/Projects/10_Github/common_tools/ezdxf_ws/install/cad_convert_msgs/lib/libcad_convert_msgs__rosidl_typesupport_fastrtps_c.so
-- Set runtime path of "/home/hongxin/Projects/10_Github/common_tools/ezdxf_ws/install/cad_convert_msgs/lib/libcad_convert_msgs__rosidl_typesupport_fastrtps_c.so" to ""
-- Up-to-date: /home/hongxin/Projects/10_Github/common_tools/ezdxf_ws/install/cad_convert_msgs/include/cad_convert_msgs/cad_convert_msgs
-- Up-to-date: /home/hongxin/Projects/10_Github/common_tools/ezdxf_ws/install/cad_convert_msgs/include/cad_convert_msgs/cad_convert_msgs/srv
-- Installing: /home/hongxin/Projects/10_Github/common_tools/ezdxf_ws/install/cad_convert_msgs/include/cad_convert_msgs/cad_convert_msgs/srv/dxf_to_xml.hpp
-- Up-to-date: /home/hongxin/Projects/10_Github/common_tools/ezdxf_ws/install/cad_convert_msgs/include/cad_convert_msgs/cad_convert_msgs/srv/detail
-- Installing: /home/hongxin/Projects/10_Github/common_tools/ezdxf_ws/install/cad_convert_msgs/include/cad_convert_msgs/cad_convert_msgs/srv/detail/dxf_to_xml__traits.hpp
-- Installing: /home/hongxin/Projects/10_Github/common_tools/ezdxf_ws/install/cad_convert_msgs/include/cad_convert_msgs/cad_convert_msgs/srv/detail/dxf_to_xml__struct.hpp
-- Installing: /home/hongxin/Projects/10_Github/common_tools/ezdxf_ws/install/cad_convert_msgs/include/cad_convert_msgs/cad_convert_msgs/srv/detail/dxf_to_xml__builder.hpp
-- Installing: /home/hongxin/Projects/10_Github/common_tools/ezdxf_ws/install/cad_convert_msgs/include/cad_convert_msgs/cad_convert_msgs/srv/detail/dxf_to_xml__type_support.hpp
-- Up-to-date: /home/hongxin/Projects/10_Github/common_tools/ezdxf_ws/install/cad_convert_msgs/include/cad_convert_msgs/cad_convert_msgs/msg
-- Installing: /home/hongxin/Projects/10_Github/common_tools/ezdxf_ws/install/cad_convert_msgs/include/cad_convert_msgs/cad_convert_msgs/msg/rosidl_generator_cpp__visibility_control.hpp
-- Up-to-date: /home/hongxin/Projects/10_Github/common_tools/ezdxf_ws/install/cad_convert_msgs/include/cad_convert_msgs/cad_convert_msgs
-- Up-to-date: /home/hongxin/Projects/10_Github/common_tools/ezdxf_ws/install/cad_convert_msgs/include/cad_convert_msgs/cad_convert_msgs/srv
-- Up-to-date: /home/hongxin/Projects/10_Github/common_tools/ezdxf_ws/install/cad_convert_msgs/include/cad_convert_msgs/cad_convert_msgs/srv/detail
-- Installing: /home/hongxin/Projects/10_Github/common_tools/ezdxf_ws/install/cad_convert_msgs/include/cad_convert_msgs/cad_convert_msgs/srv/detail/dds_fastrtps
-- Installing: /home/hongxin/Projects/10_Github/common_tools/ezdxf_ws/install/cad_convert_msgs/include/cad_convert_msgs/cad_convert_msgs/srv/detail/dxf_to_xml__rosidl_typesupport_fastrtps_cpp.hpp
-- Up-to-date: /home/hongxin/Projects/10_Github/common_tools/ezdxf_ws/install/cad_convert_msgs/include/cad_convert_msgs/cad_convert_msgs/msg
-- Installing: /home/hongxin/Projects/10_Github/common_tools/ezdxf_ws/install/cad_convert_msgs/include/cad_convert_msgs/cad_convert_msgs/msg/rosidl_typesupport_fastrtps_cpp__visibility_control.h
-- Installing: /home/hongxin/Projects/10_Github/common_tools/ezdxf_ws/install/cad_convert_msgs/lib/libcad_convert_msgs__rosidl_typesupport_fastrtps_cpp.so
-- Set runtime path of "/home/hongxin/Projects/10_Github/common_tools/ezdxf_ws/install/cad_convert_msgs/lib/libcad_convert_msgs__rosidl_typesupport_fastrtps_cpp.so" to ""
-- Up-to-date: /home/hongxin/Projects/10_Github/common_tools/ezdxf_ws/install/cad_convert_msgs/include/cad_convert_msgs/cad_convert_msgs
-- Up-to-date: /home/hongxin/Projects/10_Github/common_tools/ezdxf_ws/install/cad_convert_msgs/include/cad_convert_msgs/cad_convert_msgs/srv
-- Up-to-date: /home/hongxin/Projects/10_Github/common_tools/ezdxf_ws/install/cad_convert_msgs/include/cad_convert_msgs/cad_convert_msgs/srv/detail
-- Installing: /home/hongxin/Projects/10_Github/common_tools/ezdxf_ws/install/cad_convert_msgs/include/cad_convert_msgs/cad_convert_msgs/srv/detail/dxf_to_xml__type_support.c
-- Installing: /home/hongxin/Projects/10_Github/common_tools/ezdxf_ws/install/cad_convert_msgs/include/cad_convert_msgs/cad_convert_msgs/srv/detail/dxf_to_xml__rosidl_typesupport_introspection_c.h
-- Up-to-date: /home/hongxin/Projects/10_Github/common_tools/ezdxf_ws/install/cad_convert_msgs/include/cad_convert_msgs/cad_convert_msgs/msg
-- Installing: /home/hongxin/Projects/10_Github/common_tools/ezdxf_ws/install/cad_convert_msgs/include/cad_convert_msgs/cad_convert_msgs/msg/rosidl_typesupport_introspection_c__visibility_control.h
-- Installing: /home/hongxin/Projects/10_Github/common_tools/ezdxf_ws/install/cad_convert_msgs/lib/libcad_convert_msgs__rosidl_typesupport_introspection_c.so
-- Set runtime path of "/home/hongxin/Projects/10_Github/common_tools/ezdxf_ws/install/cad_convert_msgs/lib/libcad_convert_msgs__rosidl_typesupport_introspection_c.so" to ""
-- Installing: /home/hongxin/Projects/10_Github/common_tools/ezdxf_ws/install/cad_convert_msgs/lib/libcad_convert_msgs__rosidl_typesupport_c.so
-- Set runtime path of "/home/hongxin/Projects/10_Github/common_tools/ezdxf_ws/install/cad_convert_msgs/lib/libcad_convert_msgs__rosidl_typesupport_c.so" to ""
-- Up-to-date: /home/hongxin/Projects/10_Github/common_tools/ezdxf_ws/install/cad_convert_msgs/include/cad_convert_msgs/cad_convert_msgs
-- Up-to-date: /home/hongxin/Projects/10_Github/common_tools/ezdxf_ws/install/cad_convert_msgs/include/cad_convert_msgs/cad_convert_msgs/srv
-- Up-to-date: /home/hongxin/Projects/10_Github/common_tools/ezdxf_ws/install/cad_convert_msgs/include/cad_convert_msgs/cad_convert_msgs/srv/detail
-- Installing: /home/hongxin/Projects/10_Github/common_tools/ezdxf_ws/install/cad_convert_msgs/include/cad_convert_msgs/cad_convert_msgs/srv/detail/dxf_to_xml__type_support.cpp
-- Installing: /home/hongxin/Projects/10_Github/common_tools/ezdxf_ws/install/cad_convert_msgs/include/cad_convert_msgs/cad_convert_msgs/srv/detail/dxf_to_xml__rosidl_typesupport_introspection_cpp.hpp
-- Installing: /home/hongxin/Projects/10_Github/common_tools/ezdxf_ws/install/cad_convert_msgs/lib/libcad_convert_msgs__rosidl_typesupport_introspection_cpp.so
-- Set runtime path of "/home/hongxin/Projects/10_Github/common_tools/ezdxf_ws/install/cad_convert_msgs/lib/libcad_convert_msgs__rosidl_typesupport_introspection_cpp.so" to ""
-- Installing: /home/hongxin/Projects/10_Github/common_tools/ezdxf_ws/install/cad_convert_msgs/lib/libcad_convert_msgs__rosidl_typesupport_cpp.so
-- Set runtime path of "/home/hongxin/Projects/10_Github/common_tools/ezdxf_ws/install/cad_convert_msgs/lib/libcad_convert_msgs__rosidl_typesupport_cpp.so" to ""
-- Installing: /home/hongxin/Projects/10_Github/common_tools/ezdxf_ws/install/cad_convert_msgs/share/cad_convert_msgs/environment/pythonpath.sh
-- Installing: /home/hongxin/Projects/10_Github/common_tools/ezdxf_ws/install/cad_convert_msgs/share/cad_convert_msgs/environment/pythonpath.dsv
-- Installing: /home/hongxin/Projects/10_Github/common_tools/ezdxf_ws/install/cad_convert_msgs/local/lib/python3.10/dist-packages/cad_convert_msgs-0.0.0-py3.10.egg-info
-- Installing: /home/hongxin/Projects/10_Github/common_tools/ezdxf_ws/install/cad_convert_msgs/local/lib/python3.10/dist-packages/cad_convert_msgs-0.0.0-py3.10.egg-info/PKG-INFO
-- Installing: /home/hongxin/Projects/10_Github/common_tools/ezdxf_ws/install/cad_convert_msgs/local/lib/python3.10/dist-packages/cad_convert_msgs-0.0.0-py3.10.egg-info/dependency_links.txt
-- Installing: /home/hongxin/Projects/10_Github/common_tools/ezdxf_ws/install/cad_convert_msgs/local/lib/python3.10/dist-packages/cad_convert_msgs-0.0.0-py3.10.egg-info/top_level.txt
-- Installing: /home/hongxin/Projects/10_Github/common_tools/ezdxf_ws/install/cad_convert_msgs/local/lib/python3.10/dist-packages/cad_convert_msgs-0.0.0-py3.10.egg-info/SOURCES.txt
-- Installing: /home/hongxin/Projects/10_Github/common_tools/ezdxf_ws/install/cad_convert_msgs/local/lib/python3.10/dist-packages/cad_convert_msgs
-- Installing: /home/hongxin/Projects/10_Github/common_tools/ezdxf_ws/install/cad_convert_msgs/local/lib/python3.10/dist-packages/cad_convert_msgs/cad_convert_msgs_s__rosidl_typesupport_fastrtps_c.cpython-310-x86_64-linux-gnu.so
-- Installing: /home/hongxin/Projects/10_Github/common_tools/ezdxf_ws/install/cad_convert_msgs/local/lib/python3.10/dist-packages/cad_convert_msgs/cad_convert_msgs_s__rosidl_typesupport_c.cpython-310-x86_64-linux-gnu.so
-- Installing: /home/hongxin/Projects/10_Github/common_tools/ezdxf_ws/install/cad_convert_msgs/local/lib/python3.10/dist-packages/cad_convert_msgs/_cad_convert_msgs_s.ep.rosidl_typesupport_c.c
-- Installing: /home/hongxin/Projects/10_Github/common_tools/ezdxf_ws/install/cad_convert_msgs/local/lib/python3.10/dist-packages/cad_convert_msgs/__init__.py
-- Installing: /home/hongxin/Projects/10_Github/common_tools/ezdxf_ws/install/cad_convert_msgs/local/lib/python3.10/dist-packages/cad_convert_msgs/_cad_convert_msgs_s.ep.rosidl_typesupport_fastrtps_c.c
-- Installing: /home/hongxin/Projects/10_Github/common_tools/ezdxf_ws/install/cad_convert_msgs/local/lib/python3.10/dist-packages/cad_convert_msgs/srv
-- Installing: /home/hongxin/Projects/10_Github/common_tools/ezdxf_ws/install/cad_convert_msgs/local/lib/python3.10/dist-packages/cad_convert_msgs/srv/_dxf_to_xml_s.c
-- Installing: /home/hongxin/Projects/10_Github/common_tools/ezdxf_ws/install/cad_convert_msgs/local/lib/python3.10/dist-packages/cad_convert_msgs/srv/__init__.py
-- Installing: /home/hongxin/Projects/10_Github/common_tools/ezdxf_ws/install/cad_convert_msgs/local/lib/python3.10/dist-packages/cad_convert_msgs/srv/_dxf_to_xml.py
-- Installing: /home/hongxin/Projects/10_Github/common_tools/ezdxf_ws/install/cad_convert_msgs/local/lib/python3.10/dist-packages/cad_convert_msgs/libcad_convert_msgs__rosidl_generator_py.so
-- Installing: /home/hongxin/Projects/10_Github/common_tools/ezdxf_ws/install/cad_convert_msgs/local/lib/python3.10/dist-packages/cad_convert_msgs/cad_convert_msgs_s__rosidl_typesupport_introspection_c.cpython-310-x86_64-linux-gnu.so
-- Installing: /home/hongxin/Projects/10_Github/common_tools/ezdxf_ws/install/cad_convert_msgs/local/lib/python3.10/dist-packages/cad_convert_msgs/_cad_convert_msgs_s.ep.rosidl_typesupport_introspection_c.c
Listing '/home/hongxin/Projects/10_Github/common_tools/ezdxf_ws/install/cad_convert_msgs/local/lib/python3.10/dist-packages/cad_convert_msgs'...
Compiling '/home/hongxin/Projects/10_Github/common_tools/ezdxf_ws/install/cad_convert_msgs/local/lib/python3.10/dist-packages/cad_convert_msgs/__init__.py'...
Listing '/home/hongxin/Projects/10_Github/common_tools/ezdxf_ws/install/cad_convert_msgs/local/lib/python3.10/dist-packages/cad_convert_msgs/srv'...
Compiling '/home/hongxin/Projects/10_Github/common_tools/ezdxf_ws/install/cad_convert_msgs/local/lib/python3.10/dist-packages/cad_convert_msgs/srv/__init__.py'...
Compiling '/home/hongxin/Projects/10_Github/common_tools/ezdxf_ws/install/cad_convert_msgs/local/lib/python3.10/dist-packages/cad_convert_msgs/srv/_dxf_to_xml.py'...
-- Installing: /home/hongxin/Projects/10_Github/common_tools/ezdxf_ws/install/cad_convert_msgs/local/lib/python3.10/dist-packages/cad_convert_msgs/cad_convert_msgs_s__rosidl_typesupport_fastrtps_c.cpython-310-x86_64-linux-gnu.so
-- Set runtime path of "/home/hongxin/Projects/10_Github/common_tools/ezdxf_ws/install/cad_convert_msgs/local/lib/python3.10/dist-packages/cad_convert_msgs/cad_convert_msgs_s__rosidl_typesupport_fastrtps_c.cpython-310-x86_64-linux-gnu.so" to ""
-- Installing: /home/hongxin/Projects/10_Github/common_tools/ezdxf_ws/install/cad_convert_msgs/local/lib/python3.10/dist-packages/cad_convert_msgs/cad_convert_msgs_s__rosidl_typesupport_introspection_c.cpython-310-x86_64-linux-gnu.so
-- Set runtime path of "/home/hongxin/Projects/10_Github/common_tools/ezdxf_ws/install/cad_convert_msgs/local/lib/python3.10/dist-packages/cad_convert_msgs/cad_convert_msgs_s__rosidl_typesupport_introspection_c.cpython-310-x86_64-linux-gnu.so" to ""
-- Installing: /home/hongxin/Projects/10_Github/common_tools/ezdxf_ws/install/cad_convert_msgs/local/lib/python3.10/dist-packages/cad_convert_msgs/cad_convert_msgs_s__rosidl_typesupport_c.cpython-310-x86_64-linux-gnu.so
-- Set runtime path of "/home/hongxin/Projects/10_Github/common_tools/ezdxf_ws/install/cad_convert_msgs/local/lib/python3.10/dist-packages/cad_convert_msgs/cad_convert_msgs_s__rosidl_typesupport_c.cpython-310-x86_64-linux-gnu.so" to ""
-- Installing: /home/hongxin/Projects/10_Github/common_tools/ezdxf_ws/install/cad_convert_msgs/lib/libcad_convert_msgs__rosidl_generator_py.so
-- Set runtime path of "/home/hongxin/Projects/10_Github/common_tools/ezdxf_ws/install/cad_convert_msgs/lib/libcad_convert_msgs__rosidl_generator_py.so" to ""
-- Installing: /home/hongxin/Projects/10_Github/common_tools/ezdxf_ws/install/cad_convert_msgs/share/cad_convert_msgs/srv/DxfToXml.idl
-- Installing: /home/hongxin/Projects/10_Github/common_tools/ezdxf_ws/install/cad_convert_msgs/share/cad_convert_msgs/srv/DxfToXml.srv
-- Installing: /home/hongxin/Projects/10_Github/common_tools/ezdxf_ws/install/cad_convert_msgs/share/cad_convert_msgs/srv/DxfToXml_Request.msg
-- Installing: /home/hongxin/Projects/10_Github/common_tools/ezdxf_ws/install/cad_convert_msgs/share/cad_convert_msgs/srv/DxfToXml_Response.msg
-- Installing: /home/hongxin/Projects/10_Github/common_tools/ezdxf_ws/install/cad_convert_msgs/share/ament_index/resource_index/package_run_dependencies/cad_convert_msgs
-- Installing: /home/hongxin/Projects/10_Github/common_tools/ezdxf_ws/install/cad_convert_msgs/share/ament_index/resource_index/parent_prefix_path/cad_convert_msgs
-- Installing: /home/hongxin/Projects/10_Github/common_tools/ezdxf_ws/install/cad_convert_msgs/share/cad_convert_msgs/environment/ament_prefix_path.sh
-- Installing: /home/hongxin/Projects/10_Github/common_tools/ezdxf_ws/install/cad_convert_msgs/share/cad_convert_msgs/environment/ament_prefix_path.dsv
-- Installing: /home/hongxin/Projects/10_Github/common_tools/ezdxf_ws/install/cad_convert_msgs/share/cad_convert_msgs/environment/path.sh
-- Installing: /home/hongxin/Projects/10_Github/common_tools/ezdxf_ws/install/cad_convert_msgs/share/cad_convert_msgs/environment/path.dsv
-- Installing: /home/hongxin/Projects/10_Github/common_tools/ezdxf_ws/install/cad_convert_msgs/share/cad_convert_msgs/local_setup.bash
-- Installing: /home/hongxin/Projects/10_Github/common_tools/ezdxf_ws/install/cad_convert_msgs/share/cad_convert_msgs/local_setup.sh
-- Installing: /home/hongxin/Projects/10_Github/common_tools/ezdxf_ws/install/cad_convert_msgs/share/cad_convert_msgs/local_setup.zsh
-- Installing: /home/hongxin/Projects/10_Github/common_tools/ezdxf_ws/install/cad_convert_msgs/share/cad_convert_msgs/local_setup.dsv
-- Installing: /home/hongxin/Projects/10_Github/common_tools/ezdxf_ws/install/cad_convert_msgs/share/cad_convert_msgs/package.dsv
-- Installing: /home/hongxin/Projects/10_Github/common_tools/ezdxf_ws/install/cad_convert_msgs/share/ament_index/resource_index/packages/cad_convert_msgs
-- Installing: /home/hongxin/Projects/10_Github/common_tools/ezdxf_ws/install/cad_convert_msgs/share/cad_convert_msgs/cmake/export_cad_convert_msgs__rosidl_generator_cExport.cmake
-- Installing: /home/hongxin/Projects/10_Github/common_tools/ezdxf_ws/install/cad_convert_msgs/share/cad_convert_msgs/cmake/export_cad_convert_msgs__rosidl_generator_cExport-noconfig.cmake
-- Installing: /home/hongxin/Projects/10_Github/common_tools/ezdxf_ws/install/cad_convert_msgs/share/cad_convert_msgs/cmake/export_cad_convert_msgs__rosidl_typesupport_fastrtps_cExport.cmake
-- Installing: /home/hongxin/Projects/10_Github/common_tools/ezdxf_ws/install/cad_convert_msgs/share/cad_convert_msgs/cmake/export_cad_convert_msgs__rosidl_typesupport_fastrtps_cExport-noconfig.cmake
-- Installing: /home/hongxin/Projects/10_Github/common_tools/ezdxf_ws/install/cad_convert_msgs/share/cad_convert_msgs/cmake/export_cad_convert_msgs__rosidl_generator_cppExport.cmake
-- Installing: /home/hongxin/Projects/10_Github/common_tools/ezdxf_ws/install/cad_convert_msgs/share/cad_convert_msgs/cmake/export_cad_convert_msgs__rosidl_typesupport_fastrtps_cppExport.cmake
-- Installing: /home/hongxin/Projects/10_Github/common_tools/ezdxf_ws/install/cad_convert_msgs/share/cad_convert_msgs/cmake/export_cad_convert_msgs__rosidl_typesupport_fastrtps_cppExport-noconfig.cmake
-- Installing: /home/hongxin/Projects/10_Github/common_tools/ezdxf_ws/install/cad_convert_msgs/share/cad_convert_msgs/cmake/cad_convert_msgs__rosidl_typesupport_introspection_cExport.cmake
-- Installing: /home/hongxin/Projects/10_Github/common_tools/ezdxf_ws/install/cad_convert_msgs/share/cad_convert_msgs/cmake/cad_convert_msgs__rosidl_typesupport_introspection_cExport-noconfig.cmake
-- Installing: /home/hongxin/Projects/10_Github/common_tools/ezdxf_ws/install/cad_convert_msgs/share/cad_convert_msgs/cmake/cad_convert_msgs__rosidl_typesupport_cExport.cmake
-- Installing: /home/hongxin/Projects/10_Github/common_tools/ezdxf_ws/install/cad_convert_msgs/share/cad_convert_msgs/cmake/cad_convert_msgs__rosidl_typesupport_cExport-noconfig.cmake
-- Installing: /home/hongxin/Projects/10_Github/common_tools/ezdxf_ws/install/cad_convert_msgs/share/cad_convert_msgs/cmake/cad_convert_msgs__rosidl_typesupport_introspection_cppExport.cmake
-- Installing: /home/hongxin/Projects/10_Github/common_tools/ezdxf_ws/install/cad_convert_msgs/share/cad_convert_msgs/cmake/cad_convert_msgs__rosidl_typesupport_introspection_cppExport-noconfig.cmake
-- Installing: /home/hongxin/Projects/10_Github/common_tools/ezdxf_ws/install/cad_convert_msgs/share/cad_convert_msgs/cmake/cad_convert_msgs__rosidl_typesupport_cppExport.cmake
-- Installing: /home/hongxin/Projects/10_Github/common_tools/ezdxf_ws/install/cad_convert_msgs/share/cad_convert_msgs/cmake/cad_convert_msgs__rosidl_typesupport_cppExport-noconfig.cmake
-- Installing: /home/hongxin/Projects/10_Github/common_tools/ezdxf_ws/install/cad_convert_msgs/share/cad_convert_msgs/cmake/export_cad_convert_msgs__rosidl_generator_pyExport.cmake
-- Installing: /home/hongxin/Projects/10_Github/common_tools/ezdxf_ws/install/cad_convert_msgs/share/cad_convert_msgs/cmake/export_cad_convert_msgs__rosidl_generator_pyExport-noconfig.cmake
-- Installing: /home/hongxin/Projects/10_Github/common_tools/ezdxf_ws/install/cad_convert_msgs/share/cad_convert_msgs/cmake/rosidl_cmake-extras.cmake
-- Installing: /home/hongxin/Projects/10_Github/common_tools/ezdxf_ws/install/cad_convert_msgs/share/cad_convert_msgs/cmake/ament_cmake_export_dependencies-extras.cmake
-- Installing: /home/hongxin/Projects/10_Github/common_tools/ezdxf_ws/install/cad_convert_msgs/share/cad_convert_msgs/cmake/ament_cmake_export_include_directories-extras.cmake
-- Installing: /home/hongxin/Projects/10_Github/common_tools/ezdxf_ws/install/cad_convert_msgs/share/cad_convert_msgs/cmake/ament_cmake_export_libraries-extras.cmake
-- Installing: /home/hongxin/Projects/10_Github/common_tools/ezdxf_ws/install/cad_convert_msgs/share/cad_convert_msgs/cmake/ament_cmake_export_targets-extras.cmake
-- Installing: /home/hongxin/Projects/10_Github/common_tools/ezdxf_ws/install/cad_convert_msgs/share/cad_convert_msgs/cmake/rosidl_cmake_export_typesupport_targets-extras.cmake
-- Installing: /home/hongxin/Projects/10_Github/common_tools/ezdxf_ws/install/cad_convert_msgs/share/cad_convert_msgs/cmake/rosidl_cmake_export_typesupport_libraries-extras.cmake
-- Installing: /home/hongxin/Projects/10_Github/common_tools/ezdxf_ws/install/cad_convert_msgs/share/cad_convert_msgs/cmake/cad_convert_msgsConfig.cmake
-- Installing: /home/hongxin/Projects/10_Github/common_tools/ezdxf_ws/install/cad_convert_msgs/share/cad_convert_msgs/cmake/cad_convert_msgsConfig-version.cmake
-- Installing: /home/hongxin/Projects/10_Github/common_tools/ezdxf_ws/install/cad_convert_msgs/share/cad_convert_msgs/package.xml
