[0.006s] Invoking command in '/home/hongxin/Projects/10_Github/common_tools/ezdxf_ws/build/cad_convert_msgs': CMAKE_PREFIX_PATH=${CMAKE_PREFIX_PATH}:/home/hongxin/Projects/10_Github/common_tools/ezdxf_ws/install/dxf_to_xml_pkg /usr/bin/cmake /home/hongxin/Projects/10_Github/common_tools/ezdxf_ws/src/cad_convert_msgs -DCMAKE_INSTALL_PREFIX=/home/hongxin/Projects/10_Github/common_tools/ezdxf_ws/install/cad_convert_msgs
[0.048s] -- The C compiler identification is GNU 11.4.0
[0.089s] -- The CXX compiler identification is GNU 11.4.0
[0.094s] -- Detecting C compiler ABI info
[0.147s] -- Detecting C compiler ABI info - done
[0.150s] -- Check for working C compiler: /usr/bin/cc - skipped
[0.150s] -- Detecting C compile features
[0.150s] -- Detecting C compile features - done
[0.155s] -- Detecting CXX compiler ABI info
[0.200s] -- Detecting CXX compiler ABI info - done
[0.208s] -- Check for working CXX compiler: /usr/bin/c++ - skipped
[0.208s] -- Detecting CXX compile features
[0.209s] -- Detecting CXX compile features - done
[0.210s] -- Found ament_cmake: 1.3.12 (/opt/ros/humble/share/ament_cmake/cmake)
[0.303s] -- Found Python3: /usr/bin/python3 (found version "3.10.12") found components: Interpreter 
[0.355s] -- Found builtin_interfaces: 1.2.2 (/opt/ros/humble/share/builtin_interfaces/cmake)
[0.370s] -- Found rosidl_generator_c: 3.1.7 (/opt/ros/humble/share/rosidl_generator_c/cmake)
[0.373s] -- Found rosidl_adapter: 3.1.7 (/opt/ros/humble/share/rosidl_adapter/cmake)
[0.377s] -- Found rosidl_generator_cpp: 3.1.7 (/opt/ros/humble/share/rosidl_generator_cpp/cmake)
[0.382s] -- Using all available rosidl_typesupport_c: rosidl_typesupport_fastrtps_c;rosidl_typesupport_introspection_c
[0.389s] -- Using all available rosidl_typesupport_cpp: rosidl_typesupport_fastrtps_cpp;rosidl_typesupport_introspection_cpp
[0.395s] -- Found rosidl_default_generators: 1.2.0 (/opt/ros/humble/share/rosidl_default_generators/cmake)
[0.569s] -- Found ament_cmake_ros: 0.10.0 (/opt/ros/humble/share/ament_cmake_ros/cmake)
[0.798s] -- Using all available rosidl_typesupport_c: rosidl_typesupport_fastrtps_c;rosidl_typesupport_introspection_c
[0.877s] -- Using all available rosidl_typesupport_cpp: rosidl_typesupport_fastrtps_cpp;rosidl_typesupport_introspection_cpp
[0.888s] -- Found PythonInterp: /usr/bin/python3 (found suitable version "3.10.12", minimum required is "3.6") 
[0.890s] -- Found python_cmake_module: 0.10.0 (/opt/ros/humble/share/python_cmake_module/cmake)
[0.915s] -- Found PythonLibs: /usr/lib/x86_64-linux-gnu/libpython3.10.so (found suitable version "3.10.12", minimum required is "3.5") 
[0.915s] -- Using PYTHON_EXECUTABLE: /usr/bin/python3
[0.915s] -- Using PYTHON_INCLUDE_DIRS: /usr/include/python3.10
[0.915s] -- Using PYTHON_LIBRARIES: /usr/lib/x86_64-linux-gnu/libpython3.10.so
[0.928s] -- Found PythonExtra: .so  
[0.962s] -- Configuring done
[0.973s] -- Generating done
[0.977s] -- Build files have been written to: /home/hongxin/Projects/10_Github/common_tools/ezdxf_ws/build/cad_convert_msgs
[0.981s] Invoked command in '/home/hongxin/Projects/10_Github/common_tools/ezdxf_ws/build/cad_convert_msgs' returned '0': CMAKE_PREFIX_PATH=${CMAKE_PREFIX_PATH}:/home/hongxin/Projects/10_Github/common_tools/ezdxf_ws/install/dxf_to_xml_pkg /usr/bin/cmake /home/hongxin/Projects/10_Github/common_tools/ezdxf_ws/src/cad_convert_msgs -DCMAKE_INSTALL_PREFIX=/home/hongxin/Projects/10_Github/common_tools/ezdxf_ws/install/cad_convert_msgs
[0.983s] Invoking command in '/home/hongxin/Projects/10_Github/common_tools/ezdxf_ws/build/cad_convert_msgs': CMAKE_PREFIX_PATH=${CMAKE_PREFIX_PATH}:/home/hongxin/Projects/10_Github/common_tools/ezdxf_ws/install/dxf_to_xml_pkg /usr/bin/cmake --build /home/hongxin/Projects/10_Github/common_tools/ezdxf_ws/build/cad_convert_msgs -- -j16 -l16
[1.025s] [  3%] [34m[1mGenerating C code for ROS interfaces[0m
[1.038s] [  6%] [34m[1mGenerating C++ code for ROS interfaces[0m
[1.044s] [  6%] Built target ament_cmake_python_copy_cad_convert_msgs
[1.156s] running egg_info
[1.157s] creating cad_convert_msgs.egg-info
[1.157s] writing cad_convert_msgs.egg-info/PKG-INFO
[1.157s] writing dependency_links to cad_convert_msgs.egg-info/dependency_links.txt
[1.157s] writing top-level names to cad_convert_msgs.egg-info/top_level.txt
[1.157s] writing manifest file 'cad_convert_msgs.egg-info/SOURCES.txt'
[1.158s] reading manifest file 'cad_convert_msgs.egg-info/SOURCES.txt'
[1.158s] writing manifest file 'cad_convert_msgs.egg-info/SOURCES.txt'
[1.162s] [  9%] [32mBuilding C object CMakeFiles/cad_convert_msgs__rosidl_generator_c.dir/rosidl_generator_c/cad_convert_msgs/srv/detail/dxf_to_xml__functions.c.o[0m
[1.173s] [  9%] Built target ament_cmake_python_build_cad_convert_msgs_egg
[1.177s] [  9%] Built target cad_convert_msgs__cpp
[1.184s] [ 16%] [34m[1mGenerating C++ type support for eProsima Fast-RTPS[0m
[1.184s] [ 16%] [34m[1mGenerating C++ type support dispatch for ROS interfaces[0m
[1.188s] [ 19%] [34m[1mGenerating C++ introspection for ROS interfaces[0m
[1.199s] [ 22%] [32m[1mLinking C shared library libcad_convert_msgs__rosidl_generator_c.so[0m
[1.243s] [ 22%] Built target cad_convert_msgs__rosidl_generator_c
[1.255s] [ 25%] [34m[1mGenerating C introspection for ROS interfaces[0m
[1.259s] [ 29%] [34m[1mGenerating C type support for eProsima Fast-RTPS[0m
[1.259s] [ 32%] [34m[1mGenerating C type support dispatch for ROS interfaces[0m
[1.302s] [ 35%] [32mBuilding CXX object CMakeFiles/cad_convert_msgs__rosidl_typesupport_cpp.dir/rosidl_typesupport_cpp/cad_convert_msgs/srv/dxf_to_xml__type_support.cpp.o[0m
[1.315s] [ 38%] [32mBuilding CXX object CMakeFiles/cad_convert_msgs__rosidl_typesupport_introspection_cpp.dir/rosidl_typesupport_introspection_cpp/cad_convert_msgs/srv/detail/dxf_to_xml__type_support.cpp.o[0m
[1.316s] [ 41%] [32mBuilding CXX object CMakeFiles/cad_convert_msgs__rosidl_typesupport_fastrtps_cpp.dir/rosidl_typesupport_fastrtps_cpp/cad_convert_msgs/srv/detail/dds_fastrtps/dxf_to_xml__type_support.cpp.o[0m
[1.393s] [ 45%] [32mBuilding CXX object CMakeFiles/cad_convert_msgs__rosidl_typesupport_c.dir/rosidl_typesupport_c/cad_convert_msgs/srv/dxf_to_xml__type_support.cpp.o[0m
[1.406s] [ 48%] [32mBuilding CXX object CMakeFiles/cad_convert_msgs__rosidl_typesupport_fastrtps_c.dir/rosidl_typesupport_fastrtps_c/cad_convert_msgs/srv/detail/dxf_to_xml__type_support_c.cpp.o[0m
[1.413s] [ 51%] [32m[1mLinking CXX shared library libcad_convert_msgs__rosidl_typesupport_c.so[0m
[1.413s] [ 54%] [32mBuilding C object CMakeFiles/cad_convert_msgs__rosidl_typesupport_introspection_c.dir/rosidl_typesupport_introspection_c/cad_convert_msgs/srv/detail/dxf_to_xml__type_support.c.o[0m
[1.435s] [ 58%] [32m[1mLinking CXX shared library libcad_convert_msgs__rosidl_typesupport_cpp.so[0m
[1.454s] [ 58%] Built target cad_convert_msgs__rosidl_typesupport_c
[1.454s] [ 61%] [32m[1mLinking C shared library libcad_convert_msgs__rosidl_typesupport_introspection_c.so[0m
[1.460s] [ 61%] Built target cad_convert_msgs__rosidl_typesupport_cpp
[1.471s] [ 61%] Built target cad_convert_msgs__rosidl_typesupport_introspection_c
[1.496s] [ 64%] [32m[1mLinking CXX shared library libcad_convert_msgs__rosidl_typesupport_introspection_cpp.so[0m
[1.503s] [ 67%] [32m[1mLinking CXX shared library libcad_convert_msgs__rosidl_typesupport_fastrtps_cpp.so[0m
[1.537s] [ 67%] Built target cad_convert_msgs__rosidl_typesupport_introspection_cpp
[1.569s] [ 67%] Built target cad_convert_msgs__rosidl_typesupport_fastrtps_cpp
[1.588s] [ 70%] [32m[1mLinking CXX shared library libcad_convert_msgs__rosidl_typesupport_fastrtps_c.so[0m
[1.632s] [ 70%] Built target cad_convert_msgs__rosidl_typesupport_fastrtps_c
[1.648s] [ 70%] Built target cad_convert_msgs
[1.660s] [ 74%] [34m[1mGenerating Python code for ROS interfaces[0m
[1.821s] [ 74%] Built target cad_convert_msgs__py
[1.840s] [ 77%] [32mBuilding C object CMakeFiles/cad_convert_msgs__rosidl_generator_py.dir/rosidl_generator_py/cad_convert_msgs/srv/_dxf_to_xml_s.c.o[0m
[1.905s] [ 80%] [32m[1mLinking C shared library rosidl_generator_py/cad_convert_msgs/libcad_convert_msgs__rosidl_generator_py.so[0m
[1.939s] [ 80%] Built target cad_convert_msgs__rosidl_generator_py
[1.953s] [ 87%] [32mBuilding C object CMakeFiles/cad_convert_msgs__rosidl_typesupport_fastrtps_c__pyext.dir/rosidl_generator_py/cad_convert_msgs/_cad_convert_msgs_s.ep.rosidl_typesupport_fastrtps_c.c.o[0m
[1.953s] [ 87%] [32mBuilding C object CMakeFiles/cad_convert_msgs__rosidl_typesupport_introspection_c__pyext.dir/rosidl_generator_py/cad_convert_msgs/_cad_convert_msgs_s.ep.rosidl_typesupport_introspection_c.c.o[0m
[1.954s] [ 90%] [32mBuilding C object CMakeFiles/cad_convert_msgs__rosidl_typesupport_c__pyext.dir/rosidl_generator_py/cad_convert_msgs/_cad_convert_msgs_s.ep.rosidl_typesupport_c.c.o[0m
[2.003s] [ 93%] [32m[1mLinking C shared library rosidl_generator_py/cad_convert_msgs/cad_convert_msgs_s__rosidl_typesupport_fastrtps_c.cpython-310-x86_64-linux-gnu.so[0m
[2.007s] [ 96%] [32m[1mLinking C shared library rosidl_generator_py/cad_convert_msgs/cad_convert_msgs_s__rosidl_typesupport_introspection_c.cpython-310-x86_64-linux-gnu.so[0m
[2.008s] [100%] [32m[1mLinking C shared library rosidl_generator_py/cad_convert_msgs/cad_convert_msgs_s__rosidl_typesupport_c.cpython-310-x86_64-linux-gnu.so[0m
[2.027s] [100%] Built target cad_convert_msgs__rosidl_typesupport_fastrtps_c__pyext
[2.041s] [100%] Built target cad_convert_msgs__rosidl_typesupport_c__pyext
[2.050s] [100%] Built target cad_convert_msgs__rosidl_typesupport_introspection_c__pyext
[2.060s] Invoked command in '/home/hongxin/Projects/10_Github/common_tools/ezdxf_ws/build/cad_convert_msgs' returned '0': CMAKE_PREFIX_PATH=${CMAKE_PREFIX_PATH}:/home/hongxin/Projects/10_Github/common_tools/ezdxf_ws/install/dxf_to_xml_pkg /usr/bin/cmake --build /home/hongxin/Projects/10_Github/common_tools/ezdxf_ws/build/cad_convert_msgs -- -j16 -l16
[2.065s] Invoking command in '/home/hongxin/Projects/10_Github/common_tools/ezdxf_ws/build/cad_convert_msgs': CMAKE_PREFIX_PATH=${CMAKE_PREFIX_PATH}:/home/hongxin/Projects/10_Github/common_tools/ezdxf_ws/install/dxf_to_xml_pkg /usr/bin/cmake --install /home/hongxin/Projects/10_Github/common_tools/ezdxf_ws/build/cad_convert_msgs
[2.068s] -- Install configuration: ""
[2.068s] -- Installing: /home/hongxin/Projects/10_Github/common_tools/ezdxf_ws/install/cad_convert_msgs/share/ament_index/resource_index/rosidl_interfaces/cad_convert_msgs
[2.068s] -- Installing: /home/hongxin/Projects/10_Github/common_tools/ezdxf_ws/install/cad_convert_msgs/include/cad_convert_msgs/cad_convert_msgs
[2.068s] -- Installing: /home/hongxin/Projects/10_Github/common_tools/ezdxf_ws/install/cad_convert_msgs/include/cad_convert_msgs/cad_convert_msgs/srv
[2.068s] -- Installing: /home/hongxin/Projects/10_Github/common_tools/ezdxf_ws/install/cad_convert_msgs/include/cad_convert_msgs/cad_convert_msgs/srv/detail
[2.068s] -- Installing: /home/hongxin/Projects/10_Github/common_tools/ezdxf_ws/install/cad_convert_msgs/include/cad_convert_msgs/cad_convert_msgs/srv/detail/dxf_to_xml__struct.h
[2.068s] -- Installing: /home/hongxin/Projects/10_Github/common_tools/ezdxf_ws/install/cad_convert_msgs/include/cad_convert_msgs/cad_convert_msgs/srv/detail/dxf_to_xml__functions.c
[2.068s] -- Installing: /home/hongxin/Projects/10_Github/common_tools/ezdxf_ws/install/cad_convert_msgs/include/cad_convert_msgs/cad_convert_msgs/srv/detail/dxf_to_xml__type_support.h
[2.068s] -- Installing: /home/hongxin/Projects/10_Github/common_tools/ezdxf_ws/install/cad_convert_msgs/include/cad_convert_msgs/cad_convert_msgs/srv/detail/dxf_to_xml__functions.h
[2.068s] -- Installing: /home/hongxin/Projects/10_Github/common_tools/ezdxf_ws/install/cad_convert_msgs/include/cad_convert_msgs/cad_convert_msgs/srv/dxf_to_xml.h
[2.069s] -- Installing: /home/hongxin/Projects/10_Github/common_tools/ezdxf_ws/install/cad_convert_msgs/include/cad_convert_msgs/cad_convert_msgs/msg
[2.069s] -- Installing: /home/hongxin/Projects/10_Github/common_tools/ezdxf_ws/install/cad_convert_msgs/include/cad_convert_msgs/cad_convert_msgs/msg/rosidl_generator_c__visibility_control.h
[2.069s] -- Installing: /home/hongxin/Projects/10_Github/common_tools/ezdxf_ws/install/cad_convert_msgs/share/cad_convert_msgs/environment/library_path.sh
[2.069s] -- Installing: /home/hongxin/Projects/10_Github/common_tools/ezdxf_ws/install/cad_convert_msgs/share/cad_convert_msgs/environment/library_path.dsv
[2.069s] -- Installing: /home/hongxin/Projects/10_Github/common_tools/ezdxf_ws/install/cad_convert_msgs/lib/libcad_convert_msgs__rosidl_generator_c.so
[2.069s] -- Set runtime path of "/home/hongxin/Projects/10_Github/common_tools/ezdxf_ws/install/cad_convert_msgs/lib/libcad_convert_msgs__rosidl_generator_c.so" to ""
[2.069s] -- Up-to-date: /home/hongxin/Projects/10_Github/common_tools/ezdxf_ws/install/cad_convert_msgs/include/cad_convert_msgs/cad_convert_msgs
[2.069s] -- Up-to-date: /home/hongxin/Projects/10_Github/common_tools/ezdxf_ws/install/cad_convert_msgs/include/cad_convert_msgs/cad_convert_msgs/srv
[2.069s] -- Up-to-date: /home/hongxin/Projects/10_Github/common_tools/ezdxf_ws/install/cad_convert_msgs/include/cad_convert_msgs/cad_convert_msgs/srv/detail
[2.069s] -- Installing: /home/hongxin/Projects/10_Github/common_tools/ezdxf_ws/install/cad_convert_msgs/include/cad_convert_msgs/cad_convert_msgs/srv/detail/dxf_to_xml__rosidl_typesupport_fastrtps_c.h
[2.069s] -- Up-to-date: /home/hongxin/Projects/10_Github/common_tools/ezdxf_ws/install/cad_convert_msgs/include/cad_convert_msgs/cad_convert_msgs/msg
[2.069s] -- Installing: /home/hongxin/Projects/10_Github/common_tools/ezdxf_ws/install/cad_convert_msgs/include/cad_convert_msgs/cad_convert_msgs/msg/rosidl_typesupport_fastrtps_c__visibility_control.h
[2.069s] -- Installing: /home/hongxin/Projects/10_Github/common_tools/ezdxf_ws/install/cad_convert_msgs/lib/libcad_convert_msgs__rosidl_typesupport_fastrtps_c.so
[2.069s] -- Set runtime path of "/home/hongxin/Projects/10_Github/common_tools/ezdxf_ws/install/cad_convert_msgs/lib/libcad_convert_msgs__rosidl_typesupport_fastrtps_c.so" to ""
[2.069s] -- Up-to-date: /home/hongxin/Projects/10_Github/common_tools/ezdxf_ws/install/cad_convert_msgs/include/cad_convert_msgs/cad_convert_msgs
[2.069s] -- Up-to-date: /home/hongxin/Projects/10_Github/common_tools/ezdxf_ws/install/cad_convert_msgs/include/cad_convert_msgs/cad_convert_msgs/srv
[2.069s] -- Installing: /home/hongxin/Projects/10_Github/common_tools/ezdxf_ws/install/cad_convert_msgs/include/cad_convert_msgs/cad_convert_msgs/srv/dxf_to_xml.hpp
[2.069s] -- Up-to-date: /home/hongxin/Projects/10_Github/common_tools/ezdxf_ws/install/cad_convert_msgs/include/cad_convert_msgs/cad_convert_msgs/srv/detail
[2.069s] -- Installing: /home/hongxin/Projects/10_Github/common_tools/ezdxf_ws/install/cad_convert_msgs/include/cad_convert_msgs/cad_convert_msgs/srv/detail/dxf_to_xml__traits.hpp
[2.069s] -- Installing: /home/hongxin/Projects/10_Github/common_tools/ezdxf_ws/install/cad_convert_msgs/include/cad_convert_msgs/cad_convert_msgs/srv/detail/dxf_to_xml__struct.hpp
[2.069s] -- Installing: /home/hongxin/Projects/10_Github/common_tools/ezdxf_ws/install/cad_convert_msgs/include/cad_convert_msgs/cad_convert_msgs/srv/detail/dxf_to_xml__builder.hpp
[2.069s] -- Installing: /home/hongxin/Projects/10_Github/common_tools/ezdxf_ws/install/cad_convert_msgs/include/cad_convert_msgs/cad_convert_msgs/srv/detail/dxf_to_xml__type_support.hpp
[2.069s] -- Up-to-date: /home/hongxin/Projects/10_Github/common_tools/ezdxf_ws/install/cad_convert_msgs/include/cad_convert_msgs/cad_convert_msgs/msg
[2.070s] -- Installing: /home/hongxin/Projects/10_Github/common_tools/ezdxf_ws/install/cad_convert_msgs/include/cad_convert_msgs/cad_convert_msgs/msg/rosidl_generator_cpp__visibility_control.hpp
[2.070s] -- Up-to-date: /home/hongxin/Projects/10_Github/common_tools/ezdxf_ws/install/cad_convert_msgs/include/cad_convert_msgs/cad_convert_msgs
[2.070s] -- Up-to-date: /home/hongxin/Projects/10_Github/common_tools/ezdxf_ws/install/cad_convert_msgs/include/cad_convert_msgs/cad_convert_msgs/srv
[2.070s] -- Up-to-date: /home/hongxin/Projects/10_Github/common_tools/ezdxf_ws/install/cad_convert_msgs/include/cad_convert_msgs/cad_convert_msgs/srv/detail
[2.070s] -- Installing: /home/hongxin/Projects/10_Github/common_tools/ezdxf_ws/install/cad_convert_msgs/include/cad_convert_msgs/cad_convert_msgs/srv/detail/dds_fastrtps
[2.070s] -- Installing: /home/hongxin/Projects/10_Github/common_tools/ezdxf_ws/install/cad_convert_msgs/include/cad_convert_msgs/cad_convert_msgs/srv/detail/dxf_to_xml__rosidl_typesupport_fastrtps_cpp.hpp
[2.070s] -- Up-to-date: /home/hongxin/Projects/10_Github/common_tools/ezdxf_ws/install/cad_convert_msgs/include/cad_convert_msgs/cad_convert_msgs/msg
[2.070s] -- Installing: /home/hongxin/Projects/10_Github/common_tools/ezdxf_ws/install/cad_convert_msgs/include/cad_convert_msgs/cad_convert_msgs/msg/rosidl_typesupport_fastrtps_cpp__visibility_control.h
[2.070s] -- Installing: /home/hongxin/Projects/10_Github/common_tools/ezdxf_ws/install/cad_convert_msgs/lib/libcad_convert_msgs__rosidl_typesupport_fastrtps_cpp.so
[2.070s] -- Set runtime path of "/home/hongxin/Projects/10_Github/common_tools/ezdxf_ws/install/cad_convert_msgs/lib/libcad_convert_msgs__rosidl_typesupport_fastrtps_cpp.so" to ""
[2.070s] -- Up-to-date: /home/hongxin/Projects/10_Github/common_tools/ezdxf_ws/install/cad_convert_msgs/include/cad_convert_msgs/cad_convert_msgs
[2.070s] -- Up-to-date: /home/hongxin/Projects/10_Github/common_tools/ezdxf_ws/install/cad_convert_msgs/include/cad_convert_msgs/cad_convert_msgs/srv
[2.070s] -- Up-to-date: /home/hongxin/Projects/10_Github/common_tools/ezdxf_ws/install/cad_convert_msgs/include/cad_convert_msgs/cad_convert_msgs/srv/detail
[2.070s] -- Installing: /home/hongxin/Projects/10_Github/common_tools/ezdxf_ws/install/cad_convert_msgs/include/cad_convert_msgs/cad_convert_msgs/srv/detail/dxf_to_xml__type_support.c
[2.070s] -- Installing: /home/hongxin/Projects/10_Github/common_tools/ezdxf_ws/install/cad_convert_msgs/include/cad_convert_msgs/cad_convert_msgs/srv/detail/dxf_to_xml__rosidl_typesupport_introspection_c.h
[2.070s] -- Up-to-date: /home/hongxin/Projects/10_Github/common_tools/ezdxf_ws/install/cad_convert_msgs/include/cad_convert_msgs/cad_convert_msgs/msg
[2.070s] -- Installing: /home/hongxin/Projects/10_Github/common_tools/ezdxf_ws/install/cad_convert_msgs/include/cad_convert_msgs/cad_convert_msgs/msg/rosidl_typesupport_introspection_c__visibility_control.h
[2.070s] -- Installing: /home/hongxin/Projects/10_Github/common_tools/ezdxf_ws/install/cad_convert_msgs/lib/libcad_convert_msgs__rosidl_typesupport_introspection_c.so
[2.070s] -- Set runtime path of "/home/hongxin/Projects/10_Github/common_tools/ezdxf_ws/install/cad_convert_msgs/lib/libcad_convert_msgs__rosidl_typesupport_introspection_c.so" to ""
[2.070s] -- Installing: /home/hongxin/Projects/10_Github/common_tools/ezdxf_ws/install/cad_convert_msgs/lib/libcad_convert_msgs__rosidl_typesupport_c.so
[2.070s] -- Set runtime path of "/home/hongxin/Projects/10_Github/common_tools/ezdxf_ws/install/cad_convert_msgs/lib/libcad_convert_msgs__rosidl_typesupport_c.so" to ""
[2.070s] -- Up-to-date: /home/hongxin/Projects/10_Github/common_tools/ezdxf_ws/install/cad_convert_msgs/include/cad_convert_msgs/cad_convert_msgs
[2.071s] -- Up-to-date: /home/hongxin/Projects/10_Github/common_tools/ezdxf_ws/install/cad_convert_msgs/include/cad_convert_msgs/cad_convert_msgs/srv
[2.071s] -- Up-to-date: /home/hongxin/Projects/10_Github/common_tools/ezdxf_ws/install/cad_convert_msgs/include/cad_convert_msgs/cad_convert_msgs/srv/detail
[2.071s] -- Installing: /home/hongxin/Projects/10_Github/common_tools/ezdxf_ws/install/cad_convert_msgs/include/cad_convert_msgs/cad_convert_msgs/srv/detail/dxf_to_xml__type_support.cpp
[2.071s] -- Installing: /home/hongxin/Projects/10_Github/common_tools/ezdxf_ws/install/cad_convert_msgs/include/cad_convert_msgs/cad_convert_msgs/srv/detail/dxf_to_xml__rosidl_typesupport_introspection_cpp.hpp
[2.071s] -- Installing: /home/hongxin/Projects/10_Github/common_tools/ezdxf_ws/install/cad_convert_msgs/lib/libcad_convert_msgs__rosidl_typesupport_introspection_cpp.so
[2.071s] -- Set runtime path of "/home/hongxin/Projects/10_Github/common_tools/ezdxf_ws/install/cad_convert_msgs/lib/libcad_convert_msgs__rosidl_typesupport_introspection_cpp.so" to ""
[2.071s] -- Installing: /home/hongxin/Projects/10_Github/common_tools/ezdxf_ws/install/cad_convert_msgs/lib/libcad_convert_msgs__rosidl_typesupport_cpp.so
[2.071s] -- Set runtime path of "/home/hongxin/Projects/10_Github/common_tools/ezdxf_ws/install/cad_convert_msgs/lib/libcad_convert_msgs__rosidl_typesupport_cpp.so" to ""
[2.071s] -- Installing: /home/hongxin/Projects/10_Github/common_tools/ezdxf_ws/install/cad_convert_msgs/share/cad_convert_msgs/environment/pythonpath.sh
[2.071s] -- Installing: /home/hongxin/Projects/10_Github/common_tools/ezdxf_ws/install/cad_convert_msgs/share/cad_convert_msgs/environment/pythonpath.dsv
[2.071s] -- Installing: /home/hongxin/Projects/10_Github/common_tools/ezdxf_ws/install/cad_convert_msgs/local/lib/python3.10/dist-packages/cad_convert_msgs-0.0.0-py3.10.egg-info
[2.071s] -- Installing: /home/hongxin/Projects/10_Github/common_tools/ezdxf_ws/install/cad_convert_msgs/local/lib/python3.10/dist-packages/cad_convert_msgs-0.0.0-py3.10.egg-info/PKG-INFO
[2.071s] -- Installing: /home/hongxin/Projects/10_Github/common_tools/ezdxf_ws/install/cad_convert_msgs/local/lib/python3.10/dist-packages/cad_convert_msgs-0.0.0-py3.10.egg-info/dependency_links.txt
[2.071s] -- Installing: /home/hongxin/Projects/10_Github/common_tools/ezdxf_ws/install/cad_convert_msgs/local/lib/python3.10/dist-packages/cad_convert_msgs-0.0.0-py3.10.egg-info/top_level.txt
[2.071s] -- Installing: /home/hongxin/Projects/10_Github/common_tools/ezdxf_ws/install/cad_convert_msgs/local/lib/python3.10/dist-packages/cad_convert_msgs-0.0.0-py3.10.egg-info/SOURCES.txt
[2.071s] -- Installing: /home/hongxin/Projects/10_Github/common_tools/ezdxf_ws/install/cad_convert_msgs/local/lib/python3.10/dist-packages/cad_convert_msgs
[2.071s] -- Installing: /home/hongxin/Projects/10_Github/common_tools/ezdxf_ws/install/cad_convert_msgs/local/lib/python3.10/dist-packages/cad_convert_msgs/cad_convert_msgs_s__rosidl_typesupport_fastrtps_c.cpython-310-x86_64-linux-gnu.so
[2.071s] -- Installing: /home/hongxin/Projects/10_Github/common_tools/ezdxf_ws/install/cad_convert_msgs/local/lib/python3.10/dist-packages/cad_convert_msgs/cad_convert_msgs_s__rosidl_typesupport_c.cpython-310-x86_64-linux-gnu.so
[2.071s] -- Installing: /home/hongxin/Projects/10_Github/common_tools/ezdxf_ws/install/cad_convert_msgs/local/lib/python3.10/dist-packages/cad_convert_msgs/_cad_convert_msgs_s.ep.rosidl_typesupport_c.c
[2.071s] -- Installing: /home/hongxin/Projects/10_Github/common_tools/ezdxf_ws/install/cad_convert_msgs/local/lib/python3.10/dist-packages/cad_convert_msgs/__init__.py
[2.071s] -- Installing: /home/hongxin/Projects/10_Github/common_tools/ezdxf_ws/install/cad_convert_msgs/local/lib/python3.10/dist-packages/cad_convert_msgs/_cad_convert_msgs_s.ep.rosidl_typesupport_fastrtps_c.c
[2.071s] -- Installing: /home/hongxin/Projects/10_Github/common_tools/ezdxf_ws/install/cad_convert_msgs/local/lib/python3.10/dist-packages/cad_convert_msgs/srv
[2.071s] -- Installing: /home/hongxin/Projects/10_Github/common_tools/ezdxf_ws/install/cad_convert_msgs/local/lib/python3.10/dist-packages/cad_convert_msgs/srv/_dxf_to_xml_s.c
[2.071s] -- Installing: /home/hongxin/Projects/10_Github/common_tools/ezdxf_ws/install/cad_convert_msgs/local/lib/python3.10/dist-packages/cad_convert_msgs/srv/__init__.py
[2.071s] -- Installing: /home/hongxin/Projects/10_Github/common_tools/ezdxf_ws/install/cad_convert_msgs/local/lib/python3.10/dist-packages/cad_convert_msgs/srv/_dxf_to_xml.py
[2.071s] -- Installing: /home/hongxin/Projects/10_Github/common_tools/ezdxf_ws/install/cad_convert_msgs/local/lib/python3.10/dist-packages/cad_convert_msgs/libcad_convert_msgs__rosidl_generator_py.so
[2.071s] -- Installing: /home/hongxin/Projects/10_Github/common_tools/ezdxf_ws/install/cad_convert_msgs/local/lib/python3.10/dist-packages/cad_convert_msgs/cad_convert_msgs_s__rosidl_typesupport_introspection_c.cpython-310-x86_64-linux-gnu.so
[2.071s] -- Installing: /home/hongxin/Projects/10_Github/common_tools/ezdxf_ws/install/cad_convert_msgs/local/lib/python3.10/dist-packages/cad_convert_msgs/_cad_convert_msgs_s.ep.rosidl_typesupport_introspection_c.c
[2.091s] Listing '/home/hongxin/Projects/10_Github/common_tools/ezdxf_ws/install/cad_convert_msgs/local/lib/python3.10/dist-packages/cad_convert_msgs'...
[2.091s] Compiling '/home/hongxin/Projects/10_Github/common_tools/ezdxf_ws/install/cad_convert_msgs/local/lib/python3.10/dist-packages/cad_convert_msgs/__init__.py'...
[2.091s] Listing '/home/hongxin/Projects/10_Github/common_tools/ezdxf_ws/install/cad_convert_msgs/local/lib/python3.10/dist-packages/cad_convert_msgs/srv'...
[2.091s] Compiling '/home/hongxin/Projects/10_Github/common_tools/ezdxf_ws/install/cad_convert_msgs/local/lib/python3.10/dist-packages/cad_convert_msgs/srv/__init__.py'...
[2.091s] Compiling '/home/hongxin/Projects/10_Github/common_tools/ezdxf_ws/install/cad_convert_msgs/local/lib/python3.10/dist-packages/cad_convert_msgs/srv/_dxf_to_xml.py'...
[2.094s] -- Installing: /home/hongxin/Projects/10_Github/common_tools/ezdxf_ws/install/cad_convert_msgs/local/lib/python3.10/dist-packages/cad_convert_msgs/cad_convert_msgs_s__rosidl_typesupport_fastrtps_c.cpython-310-x86_64-linux-gnu.so
[2.094s] -- Set runtime path of "/home/hongxin/Projects/10_Github/common_tools/ezdxf_ws/install/cad_convert_msgs/local/lib/python3.10/dist-packages/cad_convert_msgs/cad_convert_msgs_s__rosidl_typesupport_fastrtps_c.cpython-310-x86_64-linux-gnu.so" to ""
[2.094s] -- Installing: /home/hongxin/Projects/10_Github/common_tools/ezdxf_ws/install/cad_convert_msgs/local/lib/python3.10/dist-packages/cad_convert_msgs/cad_convert_msgs_s__rosidl_typesupport_introspection_c.cpython-310-x86_64-linux-gnu.so
[2.094s] -- Set runtime path of "/home/hongxin/Projects/10_Github/common_tools/ezdxf_ws/install/cad_convert_msgs/local/lib/python3.10/dist-packages/cad_convert_msgs/cad_convert_msgs_s__rosidl_typesupport_introspection_c.cpython-310-x86_64-linux-gnu.so" to ""
[2.094s] -- Installing: /home/hongxin/Projects/10_Github/common_tools/ezdxf_ws/install/cad_convert_msgs/local/lib/python3.10/dist-packages/cad_convert_msgs/cad_convert_msgs_s__rosidl_typesupport_c.cpython-310-x86_64-linux-gnu.so
[2.094s] -- Set runtime path of "/home/hongxin/Projects/10_Github/common_tools/ezdxf_ws/install/cad_convert_msgs/local/lib/python3.10/dist-packages/cad_convert_msgs/cad_convert_msgs_s__rosidl_typesupport_c.cpython-310-x86_64-linux-gnu.so" to ""
[2.094s] -- Installing: /home/hongxin/Projects/10_Github/common_tools/ezdxf_ws/install/cad_convert_msgs/lib/libcad_convert_msgs__rosidl_generator_py.so
[2.095s] -- Set runtime path of "/home/hongxin/Projects/10_Github/common_tools/ezdxf_ws/install/cad_convert_msgs/lib/libcad_convert_msgs__rosidl_generator_py.so" to ""
[2.095s] -- Installing: /home/hongxin/Projects/10_Github/common_tools/ezdxf_ws/install/cad_convert_msgs/share/cad_convert_msgs/srv/DxfToXml.idl
[2.095s] -- Installing: /home/hongxin/Projects/10_Github/common_tools/ezdxf_ws/install/cad_convert_msgs/share/cad_convert_msgs/srv/DxfToXml.srv
[2.095s] -- Installing: /home/hongxin/Projects/10_Github/common_tools/ezdxf_ws/install/cad_convert_msgs/share/cad_convert_msgs/srv/DxfToXml_Request.msg
[2.095s] -- Installing: /home/hongxin/Projects/10_Github/common_tools/ezdxf_ws/install/cad_convert_msgs/share/cad_convert_msgs/srv/DxfToXml_Response.msg
[2.095s] -- Installing: /home/hongxin/Projects/10_Github/common_tools/ezdxf_ws/install/cad_convert_msgs/share/ament_index/resource_index/package_run_dependencies/cad_convert_msgs
[2.095s] -- Installing: /home/hongxin/Projects/10_Github/common_tools/ezdxf_ws/install/cad_convert_msgs/share/ament_index/resource_index/parent_prefix_path/cad_convert_msgs
[2.095s] -- Installing: /home/hongxin/Projects/10_Github/common_tools/ezdxf_ws/install/cad_convert_msgs/share/cad_convert_msgs/environment/ament_prefix_path.sh
[2.095s] -- Installing: /home/hongxin/Projects/10_Github/common_tools/ezdxf_ws/install/cad_convert_msgs/share/cad_convert_msgs/environment/ament_prefix_path.dsv
[2.096s] -- Installing: /home/hongxin/Projects/10_Github/common_tools/ezdxf_ws/install/cad_convert_msgs/share/cad_convert_msgs/environment/path.sh
[2.096s] -- Installing: /home/hongxin/Projects/10_Github/common_tools/ezdxf_ws/install/cad_convert_msgs/share/cad_convert_msgs/environment/path.dsv
[2.096s] -- Installing: /home/hongxin/Projects/10_Github/common_tools/ezdxf_ws/install/cad_convert_msgs/share/cad_convert_msgs/local_setup.bash
[2.096s] -- Installing: /home/hongxin/Projects/10_Github/common_tools/ezdxf_ws/install/cad_convert_msgs/share/cad_convert_msgs/local_setup.sh
[2.096s] -- Installing: /home/hongxin/Projects/10_Github/common_tools/ezdxf_ws/install/cad_convert_msgs/share/cad_convert_msgs/local_setup.zsh
[2.096s] -- Installing: /home/hongxin/Projects/10_Github/common_tools/ezdxf_ws/install/cad_convert_msgs/share/cad_convert_msgs/local_setup.dsv
[2.096s] -- Installing: /home/hongxin/Projects/10_Github/common_tools/ezdxf_ws/install/cad_convert_msgs/share/cad_convert_msgs/package.dsv
[2.096s] -- Installing: /home/hongxin/Projects/10_Github/common_tools/ezdxf_ws/install/cad_convert_msgs/share/ament_index/resource_index/packages/cad_convert_msgs
[2.096s] -- Installing: /home/hongxin/Projects/10_Github/common_tools/ezdxf_ws/install/cad_convert_msgs/share/cad_convert_msgs/cmake/export_cad_convert_msgs__rosidl_generator_cExport.cmake
[2.096s] -- Installing: /home/hongxin/Projects/10_Github/common_tools/ezdxf_ws/install/cad_convert_msgs/share/cad_convert_msgs/cmake/export_cad_convert_msgs__rosidl_generator_cExport-noconfig.cmake
[2.096s] -- Installing: /home/hongxin/Projects/10_Github/common_tools/ezdxf_ws/install/cad_convert_msgs/share/cad_convert_msgs/cmake/export_cad_convert_msgs__rosidl_typesupport_fastrtps_cExport.cmake
[2.097s] -- Installing: /home/hongxin/Projects/10_Github/common_tools/ezdxf_ws/install/cad_convert_msgs/share/cad_convert_msgs/cmake/export_cad_convert_msgs__rosidl_typesupport_fastrtps_cExport-noconfig.cmake
[2.097s] -- Installing: /home/hongxin/Projects/10_Github/common_tools/ezdxf_ws/install/cad_convert_msgs/share/cad_convert_msgs/cmake/export_cad_convert_msgs__rosidl_generator_cppExport.cmake
[2.097s] -- Installing: /home/hongxin/Projects/10_Github/common_tools/ezdxf_ws/install/cad_convert_msgs/share/cad_convert_msgs/cmake/export_cad_convert_msgs__rosidl_typesupport_fastrtps_cppExport.cmake
[2.097s] -- Installing: /home/hongxin/Projects/10_Github/common_tools/ezdxf_ws/install/cad_convert_msgs/share/cad_convert_msgs/cmake/export_cad_convert_msgs__rosidl_typesupport_fastrtps_cppExport-noconfig.cmake
[2.097s] -- Installing: /home/hongxin/Projects/10_Github/common_tools/ezdxf_ws/install/cad_convert_msgs/share/cad_convert_msgs/cmake/cad_convert_msgs__rosidl_typesupport_introspection_cExport.cmake
[2.097s] -- Installing: /home/hongxin/Projects/10_Github/common_tools/ezdxf_ws/install/cad_convert_msgs/share/cad_convert_msgs/cmake/cad_convert_msgs__rosidl_typesupport_introspection_cExport-noconfig.cmake
[2.097s] -- Installing: /home/hongxin/Projects/10_Github/common_tools/ezdxf_ws/install/cad_convert_msgs/share/cad_convert_msgs/cmake/cad_convert_msgs__rosidl_typesupport_cExport.cmake
[2.097s] -- Installing: /home/hongxin/Projects/10_Github/common_tools/ezdxf_ws/install/cad_convert_msgs/share/cad_convert_msgs/cmake/cad_convert_msgs__rosidl_typesupport_cExport-noconfig.cmake
[2.097s] -- Installing: /home/hongxin/Projects/10_Github/common_tools/ezdxf_ws/install/cad_convert_msgs/share/cad_convert_msgs/cmake/cad_convert_msgs__rosidl_typesupport_introspection_cppExport.cmake
[2.097s] -- Installing: /home/hongxin/Projects/10_Github/common_tools/ezdxf_ws/install/cad_convert_msgs/share/cad_convert_msgs/cmake/cad_convert_msgs__rosidl_typesupport_introspection_cppExport-noconfig.cmake
[2.097s] -- Installing: /home/hongxin/Projects/10_Github/common_tools/ezdxf_ws/install/cad_convert_msgs/share/cad_convert_msgs/cmake/cad_convert_msgs__rosidl_typesupport_cppExport.cmake
[2.097s] -- Installing: /home/hongxin/Projects/10_Github/common_tools/ezdxf_ws/install/cad_convert_msgs/share/cad_convert_msgs/cmake/cad_convert_msgs__rosidl_typesupport_cppExport-noconfig.cmake
[2.098s] -- Installing: /home/hongxin/Projects/10_Github/common_tools/ezdxf_ws/install/cad_convert_msgs/share/cad_convert_msgs/cmake/export_cad_convert_msgs__rosidl_generator_pyExport.cmake
[2.098s] -- Installing: /home/hongxin/Projects/10_Github/common_tools/ezdxf_ws/install/cad_convert_msgs/share/cad_convert_msgs/cmake/export_cad_convert_msgs__rosidl_generator_pyExport-noconfig.cmake
[2.098s] -- Installing: /home/hongxin/Projects/10_Github/common_tools/ezdxf_ws/install/cad_convert_msgs/share/cad_convert_msgs/cmake/rosidl_cmake-extras.cmake
[2.098s] -- Installing: /home/hongxin/Projects/10_Github/common_tools/ezdxf_ws/install/cad_convert_msgs/share/cad_convert_msgs/cmake/ament_cmake_export_dependencies-extras.cmake
[2.098s] -- Installing: /home/hongxin/Projects/10_Github/common_tools/ezdxf_ws/install/cad_convert_msgs/share/cad_convert_msgs/cmake/ament_cmake_export_include_directories-extras.cmake
[2.098s] -- Installing: /home/hongxin/Projects/10_Github/common_tools/ezdxf_ws/install/cad_convert_msgs/share/cad_convert_msgs/cmake/ament_cmake_export_libraries-extras.cmake
[2.098s] -- Installing: /home/hongxin/Projects/10_Github/common_tools/ezdxf_ws/install/cad_convert_msgs/share/cad_convert_msgs/cmake/ament_cmake_export_targets-extras.cmake
[2.098s] -- Installing: /home/hongxin/Projects/10_Github/common_tools/ezdxf_ws/install/cad_convert_msgs/share/cad_convert_msgs/cmake/rosidl_cmake_export_typesupport_targets-extras.cmake
[2.098s] -- Installing: /home/hongxin/Projects/10_Github/common_tools/ezdxf_ws/install/cad_convert_msgs/share/cad_convert_msgs/cmake/rosidl_cmake_export_typesupport_libraries-extras.cmake
[2.098s] -- Installing: /home/hongxin/Projects/10_Github/common_tools/ezdxf_ws/install/cad_convert_msgs/share/cad_convert_msgs/cmake/cad_convert_msgsConfig.cmake
[2.098s] -- Installing: /home/hongxin/Projects/10_Github/common_tools/ezdxf_ws/install/cad_convert_msgs/share/cad_convert_msgs/cmake/cad_convert_msgsConfig-version.cmake
[2.098s] -- Installing: /home/hongxin/Projects/10_Github/common_tools/ezdxf_ws/install/cad_convert_msgs/share/cad_convert_msgs/package.xml
[2.101s] Invoked command in '/home/hongxin/Projects/10_Github/common_tools/ezdxf_ws/build/cad_convert_msgs' returned '0': CMAKE_PREFIX_PATH=${CMAKE_PREFIX_PATH}:/home/hongxin/Projects/10_Github/common_tools/ezdxf_ws/install/dxf_to_xml_pkg /usr/bin/cmake --install /home/hongxin/Projects/10_Github/common_tools/ezdxf_ws/build/cad_convert_msgs
