[0.050s] [34mcolcon[0m [1;30mDEBUG[0m [32mCommand line arguments: ['/usr/bin/colcon', 'build'][0m
[0.050s] [34mcolcon[0m [1;30mDEBUG[0m [32mParsed command line arguments: Namespace(log_base=None, log_level=None, verb_name='build', build_base='build', install_base='install', merge_install=False, symlink_install=False, test_result_base=None, continue_on_error=False, executor='parallel', parallel_workers=16, event_handlers=None, ignore_user_meta=False, metas=['./colcon.meta'], base_paths=['.'], packages_ignore=None, packages_ignore_regex=None, paths=None, packages_up_to=None, packages_up_to_regex=None, packages_above=None, packages_above_and_dependencies=None, packages_above_depth=None, packages_select_by_dep=None, packages_skip_by_dep=None, packages_skip_up_to=None, packages_select_build_failed=False, packages_skip_build_finished=False, packages_select_test_failures=False, packages_skip_test_passed=False, packages_select=None, packages_skip=None, packages_select_regex=None, packages_skip_regex=None, packages_start=None, packages_end=None, allow_overriding=[], cmake_args=None, cmake_target=None, cmake_target_skip_unavailable=False, cmake_clean_cache=False, cmake_clean_first=False, cmake_force_configure=False, ament_cmake_args=None, catkin_cmake_args=None, catkin_skip_building_tests=False, verb_parser=<colcon_defaults.argument_parser.defaults.DefaultArgumentsDecorator object at 0x75bdbf630460>, verb_extension=<colcon_core.verb.build.BuildVerb object at 0x75bdbf7f7fa0>, main=<bound method BuildVerb.main of <colcon_core.verb.build.BuildVerb object at 0x75bdbf7f7fa0>>)[0m
[0.120s] [34mcolcon.colcon_core.package_discovery[0m [1;30mLevel 1[0m discover_packages(colcon_meta) check parameters
[0.120s] [34mcolcon.colcon_core.package_discovery[0m [1;30mLevel 1[0m discover_packages(recursive) check parameters
[0.120s] [34mcolcon.colcon_core.package_discovery[0m [1;30mLevel 1[0m discover_packages(ignore) check parameters
[0.120s] [34mcolcon.colcon_core.package_discovery[0m [1;30mLevel 1[0m discover_packages(path) check parameters
[0.120s] [34mcolcon.colcon_core.package_discovery[0m [1;30mLevel 1[0m discover_packages(colcon_meta) discover
[0.120s] [34mcolcon.colcon_core.package_discovery[0m [1;30mLevel 1[0m discover_packages(recursive) discover
[0.120s] [34mcolcon.colcon_core.package_discovery[0m [1;30mINFO[0m Crawling recursively for packages in '/home/hongxin/Projects/10_Github/common_tools/ezdxf_ws'
[0.120s] [34mcolcon.colcon_core.package_identification[0m [1;30mLevel 1[0m _identify(.) by extensions ['ignore', 'ignore_ament_install']
[0.120s] [34mcolcon.colcon_core.package_identification[0m [1;30mLevel 1[0m _identify(.) by extension 'ignore'
[0.120s] [34mcolcon.colcon_core.package_identification[0m [1;30mLevel 1[0m _identify(.) by extension 'ignore_ament_install'
[0.120s] [34mcolcon.colcon_core.package_identification[0m [1;30mLevel 1[0m _identify(.) by extensions ['colcon_pkg']
[0.120s] [34mcolcon.colcon_core.package_identification[0m [1;30mLevel 1[0m _identify(.) by extension 'colcon_pkg'
[0.120s] [34mcolcon.colcon_core.package_identification[0m [1;30mLevel 1[0m _identify(.) by extensions ['colcon_meta']
[0.120s] [34mcolcon.colcon_core.package_identification[0m [1;30mLevel 1[0m _identify(.) by extension 'colcon_meta'
[0.120s] [34mcolcon.colcon_core.package_identification[0m [1;30mLevel 1[0m _identify(.) by extensions ['ros']
[0.120s] [34mcolcon.colcon_core.package_identification[0m [1;30mLevel 1[0m _identify(.) by extension 'ros'
[0.135s] [34mcolcon.colcon_core.package_identification[0m [1;30mLevel 1[0m _identify(.) by extensions ['cmake', 'python']
[0.135s] [34mcolcon.colcon_core.package_identification[0m [1;30mLevel 1[0m _identify(.) by extension 'cmake'
[0.135s] [34mcolcon.colcon_core.package_identification[0m [1;30mLevel 1[0m _identify(.) by extension 'python'
[0.135s] [34mcolcon.colcon_core.package_identification[0m [1;30mLevel 1[0m _identify(.) by extensions ['python_setup_py']
[0.135s] [34mcolcon.colcon_core.package_identification[0m [1;30mLevel 1[0m _identify(.) by extension 'python_setup_py'
[0.135s] [34mcolcon.colcon_core.package_identification[0m [1;30mLevel 1[0m _identify(build) by extensions ['ignore', 'ignore_ament_install']
[0.135s] [34mcolcon.colcon_core.package_identification[0m [1;30mLevel 1[0m _identify(build) by extension 'ignore'
[0.135s] [34mcolcon.colcon_core.package_identification[0m [1;30mLevel 1[0m _identify(build) ignored
[0.136s] [34mcolcon.colcon_core.package_identification[0m [1;30mLevel 1[0m _identify(install) by extensions ['ignore', 'ignore_ament_install']
[0.136s] [34mcolcon.colcon_core.package_identification[0m [1;30mLevel 1[0m _identify(install) by extension 'ignore'
[0.136s] [34mcolcon.colcon_core.package_identification[0m [1;30mLevel 1[0m _identify(install) ignored
[0.136s] [34mcolcon.colcon_core.package_identification[0m [1;30mLevel 1[0m _identify(log) by extensions ['ignore', 'ignore_ament_install']
[0.136s] [34mcolcon.colcon_core.package_identification[0m [1;30mLevel 1[0m _identify(log) by extension 'ignore'
[0.136s] [34mcolcon.colcon_core.package_identification[0m [1;30mLevel 1[0m _identify(log) ignored
[0.136s] [34mcolcon.colcon_core.package_identification[0m [1;30mLevel 1[0m _identify(mmd) by extensions ['ignore', 'ignore_ament_install']
[0.136s] [34mcolcon.colcon_core.package_identification[0m [1;30mLevel 1[0m _identify(mmd) by extension 'ignore'
[0.136s] [34mcolcon.colcon_core.package_identification[0m [1;30mLevel 1[0m _identify(mmd) by extension 'ignore_ament_install'
[0.136s] [34mcolcon.colcon_core.package_identification[0m [1;30mLevel 1[0m _identify(mmd) by extensions ['colcon_pkg']
[0.136s] [34mcolcon.colcon_core.package_identification[0m [1;30mLevel 1[0m _identify(mmd) by extension 'colcon_pkg'
[0.136s] [34mcolcon.colcon_core.package_identification[0m [1;30mLevel 1[0m _identify(mmd) by extensions ['colcon_meta']
[0.136s] [34mcolcon.colcon_core.package_identification[0m [1;30mLevel 1[0m _identify(mmd) by extension 'colcon_meta'
[0.136s] [34mcolcon.colcon_core.package_identification[0m [1;30mLevel 1[0m _identify(mmd) by extensions ['ros']
[0.136s] [34mcolcon.colcon_core.package_identification[0m [1;30mLevel 1[0m _identify(mmd) by extension 'ros'
[0.136s] [34mcolcon.colcon_core.package_identification[0m [1;30mLevel 1[0m _identify(mmd) by extensions ['cmake', 'python']
[0.136s] [34mcolcon.colcon_core.package_identification[0m [1;30mLevel 1[0m _identify(mmd) by extension 'cmake'
[0.136s] [34mcolcon.colcon_core.package_identification[0m [1;30mLevel 1[0m _identify(mmd) by extension 'python'
[0.136s] [34mcolcon.colcon_core.package_identification[0m [1;30mLevel 1[0m _identify(mmd) by extensions ['python_setup_py']
[0.136s] [34mcolcon.colcon_core.package_identification[0m [1;30mLevel 1[0m _identify(mmd) by extension 'python_setup_py'
[0.136s] [34mcolcon.colcon_core.package_identification[0m [1;30mLevel 1[0m _identify(src) by extensions ['ignore', 'ignore_ament_install']
[0.136s] [34mcolcon.colcon_core.package_identification[0m [1;30mLevel 1[0m _identify(src) by extension 'ignore'
[0.136s] [34mcolcon.colcon_core.package_identification[0m [1;30mLevel 1[0m _identify(src) by extension 'ignore_ament_install'
[0.136s] [34mcolcon.colcon_core.package_identification[0m [1;30mLevel 1[0m _identify(src) by extensions ['colcon_pkg']
[0.136s] [34mcolcon.colcon_core.package_identification[0m [1;30mLevel 1[0m _identify(src) by extension 'colcon_pkg'
[0.136s] [34mcolcon.colcon_core.package_identification[0m [1;30mLevel 1[0m _identify(src) by extensions ['colcon_meta']
[0.136s] [34mcolcon.colcon_core.package_identification[0m [1;30mLevel 1[0m _identify(src) by extension 'colcon_meta'
[0.136s] [34mcolcon.colcon_core.package_identification[0m [1;30mLevel 1[0m _identify(src) by extensions ['ros']
[0.136s] [34mcolcon.colcon_core.package_identification[0m [1;30mLevel 1[0m _identify(src) by extension 'ros'
[0.136s] [34mcolcon.colcon_core.package_identification[0m [1;30mLevel 1[0m _identify(src) by extensions ['cmake', 'python']
[0.136s] [34mcolcon.colcon_core.package_identification[0m [1;30mLevel 1[0m _identify(src) by extension 'cmake'
[0.136s] [34mcolcon.colcon_core.package_identification[0m [1;30mLevel 1[0m _identify(src) by extension 'python'
[0.136s] [34mcolcon.colcon_core.package_identification[0m [1;30mLevel 1[0m _identify(src) by extensions ['python_setup_py']
[0.136s] [34mcolcon.colcon_core.package_identification[0m [1;30mLevel 1[0m _identify(src) by extension 'python_setup_py'
[0.136s] [34mcolcon.colcon_core.package_identification[0m [1;30mLevel 1[0m _identify(src/cad_convert_msgs) by extensions ['ignore', 'ignore_ament_install']
[0.136s] [34mcolcon.colcon_core.package_identification[0m [1;30mLevel 1[0m _identify(src/cad_convert_msgs) by extension 'ignore'
[0.136s] [34mcolcon.colcon_core.package_identification[0m [1;30mLevel 1[0m _identify(src/cad_convert_msgs) by extension 'ignore_ament_install'
[0.136s] [34mcolcon.colcon_core.package_identification[0m [1;30mLevel 1[0m _identify(src/cad_convert_msgs) by extensions ['colcon_pkg']
[0.136s] [34mcolcon.colcon_core.package_identification[0m [1;30mLevel 1[0m _identify(src/cad_convert_msgs) by extension 'colcon_pkg'
[0.136s] [34mcolcon.colcon_core.package_identification[0m [1;30mLevel 1[0m _identify(src/cad_convert_msgs) by extensions ['colcon_meta']
[0.136s] [34mcolcon.colcon_core.package_identification[0m [1;30mLevel 1[0m _identify(src/cad_convert_msgs) by extension 'colcon_meta'
[0.136s] [34mcolcon.colcon_core.package_identification[0m [1;30mLevel 1[0m _identify(src/cad_convert_msgs) by extensions ['ros']
[0.136s] [34mcolcon.colcon_core.package_identification[0m [1;30mLevel 1[0m _identify(src/cad_convert_msgs) by extension 'ros'
[0.137s] [34mcolcon.colcon_core.package_identification[0m [1;30mDEBUG[0m [32mPackage 'src/cad_convert_msgs' with type 'ros.ament_cmake' and name 'cad_convert_msgs'[0m
[0.138s] [34mcolcon.colcon_core.package_identification[0m [1;30mLevel 1[0m _identify(src/dxf_to_xml) by extensions ['ignore', 'ignore_ament_install']
[0.138s] [34mcolcon.colcon_core.package_identification[0m [1;30mLevel 1[0m _identify(src/dxf_to_xml) by extension 'ignore'
[0.138s] [34mcolcon.colcon_core.package_identification[0m [1;30mLevel 1[0m _identify(src/dxf_to_xml) by extension 'ignore_ament_install'
[0.138s] [34mcolcon.colcon_core.package_identification[0m [1;30mLevel 1[0m _identify(src/dxf_to_xml) by extensions ['colcon_pkg']
[0.138s] [34mcolcon.colcon_core.package_identification[0m [1;30mLevel 1[0m _identify(src/dxf_to_xml) by extension 'colcon_pkg'
[0.138s] [34mcolcon.colcon_core.package_identification[0m [1;30mLevel 1[0m _identify(src/dxf_to_xml) by extensions ['colcon_meta']
[0.138s] [34mcolcon.colcon_core.package_identification[0m [1;30mLevel 1[0m _identify(src/dxf_to_xml) by extension 'colcon_meta'
[0.138s] [34mcolcon.colcon_core.package_identification[0m [1;30mLevel 1[0m _identify(src/dxf_to_xml) by extensions ['ros']
[0.138s] [34mcolcon.colcon_core.package_identification[0m [1;30mLevel 1[0m _identify(src/dxf_to_xml) by extension 'ros'
[0.138s] [34mcolcon.colcon_core.package_identification[0m [1;30mLevel 1[0m _identify(src/dxf_to_xml) by extensions ['cmake', 'python']
[0.138s] [34mcolcon.colcon_core.package_identification[0m [1;30mLevel 1[0m _identify(src/dxf_to_xml) by extension 'cmake'
[0.138s] [34mcolcon.colcon_core.package_identification[0m [1;30mLevel 1[0m _identify(src/dxf_to_xml) by extension 'python'
[0.138s] [34mcolcon.colcon_core.package_identification[0m [1;30mLevel 1[0m _identify(src/dxf_to_xml) by extensions ['python_setup_py']
[0.138s] [34mcolcon.colcon_core.package_identification[0m [1;30mLevel 1[0m _identify(src/dxf_to_xml) by extension 'python_setup_py'
[0.138s] [34mcolcon.colcon_core.package_identification[0m [1;30mLevel 1[0m _identify(src/dxf_to_xml/dxf) by extensions ['ignore', 'ignore_ament_install']
[0.138s] [34mcolcon.colcon_core.package_identification[0m [1;30mLevel 1[0m _identify(src/dxf_to_xml/dxf) by extension 'ignore'
[0.138s] [34mcolcon.colcon_core.package_identification[0m [1;30mLevel 1[0m _identify(src/dxf_to_xml/dxf) by extension 'ignore_ament_install'
[0.138s] [34mcolcon.colcon_core.package_identification[0m [1;30mLevel 1[0m _identify(src/dxf_to_xml/dxf) by extensions ['colcon_pkg']
[0.138s] [34mcolcon.colcon_core.package_identification[0m [1;30mLevel 1[0m _identify(src/dxf_to_xml/dxf) by extension 'colcon_pkg'
[0.138s] [34mcolcon.colcon_core.package_identification[0m [1;30mLevel 1[0m _identify(src/dxf_to_xml/dxf) by extensions ['colcon_meta']
[0.138s] [34mcolcon.colcon_core.package_identification[0m [1;30mLevel 1[0m _identify(src/dxf_to_xml/dxf) by extension 'colcon_meta'
[0.138s] [34mcolcon.colcon_core.package_identification[0m [1;30mLevel 1[0m _identify(src/dxf_to_xml/dxf) by extensions ['ros']
[0.138s] [34mcolcon.colcon_core.package_identification[0m [1;30mLevel 1[0m _identify(src/dxf_to_xml/dxf) by extension 'ros'
[0.138s] [34mcolcon.colcon_core.package_identification[0m [1;30mLevel 1[0m _identify(src/dxf_to_xml/dxf) by extensions ['cmake', 'python']
[0.138s] [34mcolcon.colcon_core.package_identification[0m [1;30mLevel 1[0m _identify(src/dxf_to_xml/dxf) by extension 'cmake'
[0.138s] [34mcolcon.colcon_core.package_identification[0m [1;30mLevel 1[0m _identify(src/dxf_to_xml/dxf) by extension 'python'
[0.138s] [34mcolcon.colcon_core.package_identification[0m [1;30mLevel 1[0m _identify(src/dxf_to_xml/dxf) by extensions ['python_setup_py']
[0.138s] [34mcolcon.colcon_core.package_identification[0m [1;30mLevel 1[0m _identify(src/dxf_to_xml/dxf) by extension 'python_setup_py'
[0.138s] [34mcolcon.colcon_core.package_identification[0m [1;30mLevel 1[0m _identify(src/dxf_to_xml/png) by extensions ['ignore', 'ignore_ament_install']
[0.138s] [34mcolcon.colcon_core.package_identification[0m [1;30mLevel 1[0m _identify(src/dxf_to_xml/png) by extension 'ignore'
[0.138s] [34mcolcon.colcon_core.package_identification[0m [1;30mLevel 1[0m _identify(src/dxf_to_xml/png) by extension 'ignore_ament_install'
[0.138s] [34mcolcon.colcon_core.package_identification[0m [1;30mLevel 1[0m _identify(src/dxf_to_xml/png) by extensions ['colcon_pkg']
[0.138s] [34mcolcon.colcon_core.package_identification[0m [1;30mLevel 1[0m _identify(src/dxf_to_xml/png) by extension 'colcon_pkg'
[0.138s] [34mcolcon.colcon_core.package_identification[0m [1;30mLevel 1[0m _identify(src/dxf_to_xml/png) by extensions ['colcon_meta']
[0.138s] [34mcolcon.colcon_core.package_identification[0m [1;30mLevel 1[0m _identify(src/dxf_to_xml/png) by extension 'colcon_meta'
[0.138s] [34mcolcon.colcon_core.package_identification[0m [1;30mLevel 1[0m _identify(src/dxf_to_xml/png) by extensions ['ros']
[0.138s] [34mcolcon.colcon_core.package_identification[0m [1;30mLevel 1[0m _identify(src/dxf_to_xml/png) by extension 'ros'
[0.138s] [34mcolcon.colcon_core.package_identification[0m [1;30mLevel 1[0m _identify(src/dxf_to_xml/png) by extensions ['cmake', 'python']
[0.138s] [34mcolcon.colcon_core.package_identification[0m [1;30mLevel 1[0m _identify(src/dxf_to_xml/png) by extension 'cmake'
[0.138s] [34mcolcon.colcon_core.package_identification[0m [1;30mLevel 1[0m _identify(src/dxf_to_xml/png) by extension 'python'
[0.138s] [34mcolcon.colcon_core.package_identification[0m [1;30mLevel 1[0m _identify(src/dxf_to_xml/png) by extensions ['python_setup_py']
[0.138s] [34mcolcon.colcon_core.package_identification[0m [1;30mLevel 1[0m _identify(src/dxf_to_xml/png) by extension 'python_setup_py'
[0.138s] [34mcolcon.colcon_core.package_identification[0m [1;30mLevel 1[0m _identify(src/dxf_to_xml/scripts) by extensions ['ignore', 'ignore_ament_install']
[0.138s] [34mcolcon.colcon_core.package_identification[0m [1;30mLevel 1[0m _identify(src/dxf_to_xml/scripts) by extension 'ignore'
[0.138s] [34mcolcon.colcon_core.package_identification[0m [1;30mLevel 1[0m _identify(src/dxf_to_xml/scripts) by extension 'ignore_ament_install'
[0.138s] [34mcolcon.colcon_core.package_identification[0m [1;30mLevel 1[0m _identify(src/dxf_to_xml/scripts) by extensions ['colcon_pkg']
[0.138s] [34mcolcon.colcon_core.package_identification[0m [1;30mLevel 1[0m _identify(src/dxf_to_xml/scripts) by extension 'colcon_pkg'
[0.138s] [34mcolcon.colcon_core.package_identification[0m [1;30mLevel 1[0m _identify(src/dxf_to_xml/scripts) by extensions ['colcon_meta']
[0.138s] [34mcolcon.colcon_core.package_identification[0m [1;30mLevel 1[0m _identify(src/dxf_to_xml/scripts) by extension 'colcon_meta'
[0.138s] [34mcolcon.colcon_core.package_identification[0m [1;30mLevel 1[0m _identify(src/dxf_to_xml/scripts) by extensions ['ros']
[0.138s] [34mcolcon.colcon_core.package_identification[0m [1;30mLevel 1[0m _identify(src/dxf_to_xml/scripts) by extension 'ros'
[0.138s] [34mcolcon.colcon_core.package_identification[0m [1;30mLevel 1[0m _identify(src/dxf_to_xml/scripts) by extensions ['cmake', 'python']
[0.138s] [34mcolcon.colcon_core.package_identification[0m [1;30mLevel 1[0m _identify(src/dxf_to_xml/scripts) by extension 'cmake'
[0.138s] [34mcolcon.colcon_core.package_identification[0m [1;30mLevel 1[0m _identify(src/dxf_to_xml/scripts) by extension 'python'
[0.139s] [34mcolcon.colcon_core.package_identification[0m [1;30mLevel 1[0m _identify(src/dxf_to_xml/scripts) by extensions ['python_setup_py']
[0.139s] [34mcolcon.colcon_core.package_identification[0m [1;30mLevel 1[0m _identify(src/dxf_to_xml/scripts) by extension 'python_setup_py'
[0.139s] [34mcolcon.colcon_core.package_identification[0m [1;30mLevel 1[0m _identify(src/dxf_to_xml/scripts/ipynb) by extensions ['ignore', 'ignore_ament_install']
[0.139s] [34mcolcon.colcon_core.package_identification[0m [1;30mLevel 1[0m _identify(src/dxf_to_xml/scripts/ipynb) by extension 'ignore'
[0.139s] [34mcolcon.colcon_core.package_identification[0m [1;30mLevel 1[0m _identify(src/dxf_to_xml/scripts/ipynb) by extension 'ignore_ament_install'
[0.139s] [34mcolcon.colcon_core.package_identification[0m [1;30mLevel 1[0m _identify(src/dxf_to_xml/scripts/ipynb) by extensions ['colcon_pkg']
[0.139s] [34mcolcon.colcon_core.package_identification[0m [1;30mLevel 1[0m _identify(src/dxf_to_xml/scripts/ipynb) by extension 'colcon_pkg'
[0.139s] [34mcolcon.colcon_core.package_identification[0m [1;30mLevel 1[0m _identify(src/dxf_to_xml/scripts/ipynb) by extensions ['colcon_meta']
[0.139s] [34mcolcon.colcon_core.package_identification[0m [1;30mLevel 1[0m _identify(src/dxf_to_xml/scripts/ipynb) by extension 'colcon_meta'
[0.139s] [34mcolcon.colcon_core.package_identification[0m [1;30mLevel 1[0m _identify(src/dxf_to_xml/scripts/ipynb) by extensions ['ros']
[0.139s] [34mcolcon.colcon_core.package_identification[0m [1;30mLevel 1[0m _identify(src/dxf_to_xml/scripts/ipynb) by extension 'ros'
[0.139s] [34mcolcon.colcon_core.package_identification[0m [1;30mLevel 1[0m _identify(src/dxf_to_xml/scripts/ipynb) by extensions ['cmake', 'python']
[0.139s] [34mcolcon.colcon_core.package_identification[0m [1;30mLevel 1[0m _identify(src/dxf_to_xml/scripts/ipynb) by extension 'cmake'
[0.139s] [34mcolcon.colcon_core.package_identification[0m [1;30mLevel 1[0m _identify(src/dxf_to_xml/scripts/ipynb) by extension 'python'
[0.139s] [34mcolcon.colcon_core.package_identification[0m [1;30mLevel 1[0m _identify(src/dxf_to_xml/scripts/ipynb) by extensions ['python_setup_py']
[0.139s] [34mcolcon.colcon_core.package_identification[0m [1;30mLevel 1[0m _identify(src/dxf_to_xml/scripts/ipynb) by extension 'python_setup_py'
[0.139s] [34mcolcon.colcon_core.package_identification[0m [1;30mLevel 1[0m _identify(src/dxf_to_xml/src) by extensions ['ignore', 'ignore_ament_install']
[0.139s] [34mcolcon.colcon_core.package_identification[0m [1;30mLevel 1[0m _identify(src/dxf_to_xml/src) by extension 'ignore'
[0.139s] [34mcolcon.colcon_core.package_identification[0m [1;30mLevel 1[0m _identify(src/dxf_to_xml/src) by extension 'ignore_ament_install'
[0.139s] [34mcolcon.colcon_core.package_identification[0m [1;30mLevel 1[0m _identify(src/dxf_to_xml/src) by extensions ['colcon_pkg']
[0.139s] [34mcolcon.colcon_core.package_identification[0m [1;30mLevel 1[0m _identify(src/dxf_to_xml/src) by extension 'colcon_pkg'
[0.139s] [34mcolcon.colcon_core.package_identification[0m [1;30mLevel 1[0m _identify(src/dxf_to_xml/src) by extensions ['colcon_meta']
[0.139s] [34mcolcon.colcon_core.package_identification[0m [1;30mLevel 1[0m _identify(src/dxf_to_xml/src) by extension 'colcon_meta'
[0.139s] [34mcolcon.colcon_core.package_identification[0m [1;30mLevel 1[0m _identify(src/dxf_to_xml/src) by extensions ['ros']
[0.139s] [34mcolcon.colcon_core.package_identification[0m [1;30mLevel 1[0m _identify(src/dxf_to_xml/src) by extension 'ros'
[0.139s] [34mcolcon.colcon_core.package_identification[0m [1;30mLevel 1[0m _identify(src/dxf_to_xml/src) by extensions ['cmake', 'python']
[0.139s] [34mcolcon.colcon_core.package_identification[0m [1;30mLevel 1[0m _identify(src/dxf_to_xml/src) by extension 'cmake'
[0.139s] [34mcolcon.colcon_core.package_identification[0m [1;30mLevel 1[0m _identify(src/dxf_to_xml/src) by extension 'python'
[0.139s] [34mcolcon.colcon_core.package_identification[0m [1;30mLevel 1[0m _identify(src/dxf_to_xml/src) by extensions ['python_setup_py']
[0.139s] [34mcolcon.colcon_core.package_identification[0m [1;30mLevel 1[0m _identify(src/dxf_to_xml/src) by extension 'python_setup_py'
[0.139s] [34mcolcon.colcon_core.package_identification[0m [1;30mLevel 1[0m _identify(src/dxf_to_xml/test) by extensions ['ignore', 'ignore_ament_install']
[0.139s] [34mcolcon.colcon_core.package_identification[0m [1;30mLevel 1[0m _identify(src/dxf_to_xml/test) by extension 'ignore'
[0.139s] [34mcolcon.colcon_core.package_identification[0m [1;30mLevel 1[0m _identify(src/dxf_to_xml/test) by extension 'ignore_ament_install'
[0.139s] [34mcolcon.colcon_core.package_identification[0m [1;30mLevel 1[0m _identify(src/dxf_to_xml/test) by extensions ['colcon_pkg']
[0.139s] [34mcolcon.colcon_core.package_identification[0m [1;30mLevel 1[0m _identify(src/dxf_to_xml/test) by extension 'colcon_pkg'
[0.139s] [34mcolcon.colcon_core.package_identification[0m [1;30mLevel 1[0m _identify(src/dxf_to_xml/test) by extensions ['colcon_meta']
[0.139s] [34mcolcon.colcon_core.package_identification[0m [1;30mLevel 1[0m _identify(src/dxf_to_xml/test) by extension 'colcon_meta'
[0.139s] [34mcolcon.colcon_core.package_identification[0m [1;30mLevel 1[0m _identify(src/dxf_to_xml/test) by extensions ['ros']
[0.139s] [34mcolcon.colcon_core.package_identification[0m [1;30mLevel 1[0m _identify(src/dxf_to_xml/test) by extension 'ros'
[0.139s] [34mcolcon.colcon_core.package_identification[0m [1;30mLevel 1[0m _identify(src/dxf_to_xml/test) by extensions ['cmake', 'python']
[0.139s] [34mcolcon.colcon_core.package_identification[0m [1;30mLevel 1[0m _identify(src/dxf_to_xml/test) by extension 'cmake'
[0.139s] [34mcolcon.colcon_core.package_identification[0m [1;30mLevel 1[0m _identify(src/dxf_to_xml/test) by extension 'python'
[0.139s] [34mcolcon.colcon_core.package_identification[0m [1;30mLevel 1[0m _identify(src/dxf_to_xml/test) by extensions ['python_setup_py']
[0.139s] [34mcolcon.colcon_core.package_identification[0m [1;30mLevel 1[0m _identify(src/dxf_to_xml/test) by extension 'python_setup_py'
[0.139s] [34mcolcon.colcon_core.package_identification[0m [1;30mLevel 1[0m _identify(src/dxf_to_xml/xml) by extensions ['ignore', 'ignore_ament_install']
[0.139s] [34mcolcon.colcon_core.package_identification[0m [1;30mLevel 1[0m _identify(src/dxf_to_xml/xml) by extension 'ignore'
[0.139s] [34mcolcon.colcon_core.package_identification[0m [1;30mLevel 1[0m _identify(src/dxf_to_xml/xml) by extension 'ignore_ament_install'
[0.139s] [34mcolcon.colcon_core.package_identification[0m [1;30mLevel 1[0m _identify(src/dxf_to_xml/xml) by extensions ['colcon_pkg']
[0.139s] [34mcolcon.colcon_core.package_identification[0m [1;30mLevel 1[0m _identify(src/dxf_to_xml/xml) by extension 'colcon_pkg'
[0.139s] [34mcolcon.colcon_core.package_identification[0m [1;30mLevel 1[0m _identify(src/dxf_to_xml/xml) by extensions ['colcon_meta']
[0.139s] [34mcolcon.colcon_core.package_identification[0m [1;30mLevel 1[0m _identify(src/dxf_to_xml/xml) by extension 'colcon_meta'
[0.139s] [34mcolcon.colcon_core.package_identification[0m [1;30mLevel 1[0m _identify(src/dxf_to_xml/xml) by extensions ['ros']
[0.139s] [34mcolcon.colcon_core.package_identification[0m [1;30mLevel 1[0m _identify(src/dxf_to_xml/xml) by extension 'ros'
[0.139s] [34mcolcon.colcon_core.package_identification[0m [1;30mLevel 1[0m _identify(src/dxf_to_xml/xml) by extensions ['cmake', 'python']
[0.139s] [34mcolcon.colcon_core.package_identification[0m [1;30mLevel 1[0m _identify(src/dxf_to_xml/xml) by extension 'cmake'
[0.139s] [34mcolcon.colcon_core.package_identification[0m [1;30mLevel 1[0m _identify(src/dxf_to_xml/xml) by extension 'python'
[0.139s] [34mcolcon.colcon_core.package_identification[0m [1;30mLevel 1[0m _identify(src/dxf_to_xml/xml) by extensions ['python_setup_py']
[0.139s] [34mcolcon.colcon_core.package_identification[0m [1;30mLevel 1[0m _identify(src/dxf_to_xml/xml) by extension 'python_setup_py'
[0.140s] [34mcolcon.colcon_core.package_identification[0m [1;30mLevel 1[0m _identify(src/dxf_to_xml_pkg) by extensions ['ignore', 'ignore_ament_install']
[0.140s] [34mcolcon.colcon_core.package_identification[0m [1;30mLevel 1[0m _identify(src/dxf_to_xml_pkg) by extension 'ignore'
[0.140s] [34mcolcon.colcon_core.package_identification[0m [1;30mLevel 1[0m _identify(src/dxf_to_xml_pkg) by extension 'ignore_ament_install'
[0.140s] [34mcolcon.colcon_core.package_identification[0m [1;30mLevel 1[0m _identify(src/dxf_to_xml_pkg) by extensions ['colcon_pkg']
[0.140s] [34mcolcon.colcon_core.package_identification[0m [1;30mLevel 1[0m _identify(src/dxf_to_xml_pkg) by extension 'colcon_pkg'
[0.140s] [34mcolcon.colcon_core.package_identification[0m [1;30mLevel 1[0m _identify(src/dxf_to_xml_pkg) by extensions ['colcon_meta']
[0.140s] [34mcolcon.colcon_core.package_identification[0m [1;30mLevel 1[0m _identify(src/dxf_to_xml_pkg) by extension 'colcon_meta'
[0.140s] [34mcolcon.colcon_core.package_identification[0m [1;30mLevel 1[0m _identify(src/dxf_to_xml_pkg) by extensions ['ros']
[0.140s] [34mcolcon.colcon_core.package_identification[0m [1;30mLevel 1[0m _identify(src/dxf_to_xml_pkg) by extension 'ros'
[0.140s] [34mcolcon.colcon_core.package_identification[0m [1;30mDEBUG[0m [32mPackage 'src/dxf_to_xml_pkg' with type 'ros.ament_python' and name 'dxf_to_xml_pkg'[0m
[0.140s] [34mcolcon.colcon_core.package_discovery[0m [1;30mLevel 1[0m discover_packages(recursive) using defaults
[0.140s] [34mcolcon.colcon_core.package_discovery[0m [1;30mLevel 1[0m discover_packages(ignore) discover
[0.140s] [34mcolcon.colcon_core.package_discovery[0m [1;30mLevel 1[0m discover_packages(ignore) using defaults
[0.140s] [34mcolcon.colcon_core.package_discovery[0m [1;30mLevel 1[0m discover_packages(path) discover
[0.140s] [34mcolcon.colcon_core.package_discovery[0m [1;30mLevel 1[0m discover_packages(path) using defaults
[0.147s] [34mcolcon.colcon_core.package_discovery[0m [1;30mLevel 1[0m discover_packages(prefix_path) check parameters
[0.147s] [34mcolcon.colcon_core.package_discovery[0m [1;30mLevel 1[0m discover_packages(prefix_path) discover
[0.148s] [34mcolcon.colcon_ros.prefix_path.ament[0m [1;30mWARNING[0m [33mThe path '/home/hongxin/Projects/10_Github/common_tools/ezdxf_ws/install/dxf_to_xml_pkg' in the environment variable AMENT_PREFIX_PATH doesn't exist[0m
[0.148s] [34mcolcon.colcon_ros.prefix_path.ament[0m [1;30mWARNING[0m [33mThe path '/home/hongxin/Projects/10_Github/common_tools/ezdxf_ws/install/cad_convert_msgs' in the environment variable AMENT_PREFIX_PATH doesn't exist[0m
[0.148s] [34mcolcon.colcon_ros.prefix_path.catkin[0m [1;30mWARNING[0m [33mThe path '/home/hongxin/Projects/10_Github/common_tools/ezdxf_ws/install/cad_convert_msgs' in the environment variable CMAKE_PREFIX_PATH doesn't exist[0m
[0.148s] [34mcolcon.colcon_installed_package_information.package_discovery[0m [1;30mDEBUG[0m [32mFound 0 installed packages in /home/hongxin/Projects/10_Github/common_tools/ezdxf_ws/install[0m
[0.149s] [34mcolcon.colcon_installed_package_information.package_discovery[0m [1;30mDEBUG[0m [32mFound 298 installed packages in /opt/ros/humble[0m
[0.149s] [34mcolcon.colcon_core.package_discovery[0m [1;30mLevel 1[0m discover_packages(prefix_path) using defaults
[0.164s] [34mcolcon.colcon_core.verb[0m [1;30mLevel 5[0m set package 'cad_convert_msgs' build argument 'cmake_args' from command line to 'None'
[0.164s] [34mcolcon.colcon_core.verb[0m [1;30mLevel 5[0m set package 'cad_convert_msgs' build argument 'cmake_target' from command line to 'None'
[0.164s] [34mcolcon.colcon_core.verb[0m [1;30mLevel 5[0m set package 'cad_convert_msgs' build argument 'cmake_target_skip_unavailable' from command line to 'False'
[0.164s] [34mcolcon.colcon_core.verb[0m [1;30mLevel 5[0m set package 'cad_convert_msgs' build argument 'cmake_clean_cache' from command line to 'False'
[0.164s] [34mcolcon.colcon_core.verb[0m [1;30mLevel 5[0m set package 'cad_convert_msgs' build argument 'cmake_clean_first' from command line to 'False'
[0.164s] [34mcolcon.colcon_core.verb[0m [1;30mLevel 5[0m set package 'cad_convert_msgs' build argument 'cmake_force_configure' from command line to 'False'
[0.164s] [34mcolcon.colcon_core.verb[0m [1;30mLevel 5[0m set package 'cad_convert_msgs' build argument 'ament_cmake_args' from command line to 'None'
[0.164s] [34mcolcon.colcon_core.verb[0m [1;30mLevel 5[0m set package 'cad_convert_msgs' build argument 'catkin_cmake_args' from command line to 'None'
[0.164s] [34mcolcon.colcon_core.verb[0m [1;30mLevel 5[0m set package 'cad_convert_msgs' build argument 'catkin_skip_building_tests' from command line to 'False'
[0.164s] [34mcolcon.colcon_core.verb[0m [1;30mDEBUG[0m [32mBuilding package 'cad_convert_msgs' with the following arguments: {'ament_cmake_args': None, 'build_base': '/home/hongxin/Projects/10_Github/common_tools/ezdxf_ws/build/cad_convert_msgs', 'catkin_cmake_args': None, 'catkin_skip_building_tests': False, 'cmake_args': None, 'cmake_clean_cache': False, 'cmake_clean_first': False, 'cmake_force_configure': False, 'cmake_target': None, 'cmake_target_skip_unavailable': False, 'install_base': '/home/hongxin/Projects/10_Github/common_tools/ezdxf_ws/install/cad_convert_msgs', 'merge_install': False, 'path': '/home/hongxin/Projects/10_Github/common_tools/ezdxf_ws/src/cad_convert_msgs', 'symlink_install': False, 'test_result_base': None}[0m
[0.164s] [34mcolcon.colcon_core.verb[0m [1;30mLevel 5[0m set package 'dxf_to_xml_pkg' build argument 'cmake_args' from command line to 'None'
[0.164s] [34mcolcon.colcon_core.verb[0m [1;30mLevel 5[0m set package 'dxf_to_xml_pkg' build argument 'cmake_target' from command line to 'None'
[0.164s] [34mcolcon.colcon_core.verb[0m [1;30mLevel 5[0m set package 'dxf_to_xml_pkg' build argument 'cmake_target_skip_unavailable' from command line to 'False'
[0.164s] [34mcolcon.colcon_core.verb[0m [1;30mLevel 5[0m set package 'dxf_to_xml_pkg' build argument 'cmake_clean_cache' from command line to 'False'
[0.164s] [34mcolcon.colcon_core.verb[0m [1;30mLevel 5[0m set package 'dxf_to_xml_pkg' build argument 'cmake_clean_first' from command line to 'False'
[0.164s] [34mcolcon.colcon_core.verb[0m [1;30mLevel 5[0m set package 'dxf_to_xml_pkg' build argument 'cmake_force_configure' from command line to 'False'
[0.164s] [34mcolcon.colcon_core.verb[0m [1;30mLevel 5[0m set package 'dxf_to_xml_pkg' build argument 'ament_cmake_args' from command line to 'None'
[0.164s] [34mcolcon.colcon_core.verb[0m [1;30mLevel 5[0m set package 'dxf_to_xml_pkg' build argument 'catkin_cmake_args' from command line to 'None'
[0.164s] [34mcolcon.colcon_core.verb[0m [1;30mLevel 5[0m set package 'dxf_to_xml_pkg' build argument 'catkin_skip_building_tests' from command line to 'False'
[0.164s] [34mcolcon.colcon_core.verb[0m [1;30mDEBUG[0m [32mBuilding package 'dxf_to_xml_pkg' with the following arguments: {'ament_cmake_args': None, 'build_base': '/home/hongxin/Projects/10_Github/common_tools/ezdxf_ws/build/dxf_to_xml_pkg', 'catkin_cmake_args': None, 'catkin_skip_building_tests': False, 'cmake_args': None, 'cmake_clean_cache': False, 'cmake_clean_first': False, 'cmake_force_configure': False, 'cmake_target': None, 'cmake_target_skip_unavailable': False, 'install_base': '/home/hongxin/Projects/10_Github/common_tools/ezdxf_ws/install/dxf_to_xml_pkg', 'merge_install': False, 'path': '/home/hongxin/Projects/10_Github/common_tools/ezdxf_ws/src/dxf_to_xml_pkg', 'symlink_install': False, 'test_result_base': None}[0m
[0.165s] [34mcolcon.colcon_core.executor[0m [1;30mINFO[0m Executing jobs using 'parallel' executor
[0.165s] [34mcolcon.colcon_parallel_executor.executor.parallel[0m [1;30mDEBUG[0m [32mrun_until_complete[0m
[0.166s] [34mcolcon.colcon_ros.task.ament_cmake.build[0m [1;30mINFO[0m Building ROS package in '/home/hongxin/Projects/10_Github/common_tools/ezdxf_ws/src/cad_convert_msgs' with build type 'ament_cmake'
[0.166s] [34mcolcon.colcon_cmake.task.cmake.build[0m [1;30mINFO[0m Building CMake package in '/home/hongxin/Projects/10_Github/common_tools/ezdxf_ws/src/cad_convert_msgs'
[0.167s] [34mcolcon.colcon_core.plugin_system[0m [1;30mINFO[0m Skipping extension 'colcon_core.shell.bat': Not used on non-Windows systems
[0.167s] [34mcolcon.colcon_core.shell[0m [1;30mINFO[0m Skip shell extension 'powershell' for command environment: Not usable outside of PowerShell
[0.167s] [34mcolcon.colcon_core.shell[0m [1;30mDEBUG[0m [32mSkip shell extension 'dsv' for command environment[0m
[0.172s] [34mcolcon.colcon_core.event_handler.log_command[0m [1;30mDEBUG[0m [32mInvoking command in '/home/hongxin/Projects/10_Github/common_tools/ezdxf_ws/build/cad_convert_msgs': CMAKE_PREFIX_PATH=${CMAKE_PREFIX_PATH}:/home/hongxin/Projects/10_Github/common_tools/ezdxf_ws/install/dxf_to_xml_pkg /usr/bin/cmake /home/hongxin/Projects/10_Github/common_tools/ezdxf_ws/src/cad_convert_msgs -DCMAKE_INSTALL_PREFIX=/home/hongxin/Projects/10_Github/common_tools/ezdxf_ws/install/cad_convert_msgs[0m
[1.147s] [34mcolcon.colcon_core.event_handler.log_command[0m [1;30mDEBUG[0m [32mInvoked command in '/home/hongxin/Projects/10_Github/common_tools/ezdxf_ws/build/cad_convert_msgs' returned '0': CMAKE_PREFIX_PATH=${CMAKE_PREFIX_PATH}:/home/hongxin/Projects/10_Github/common_tools/ezdxf_ws/install/dxf_to_xml_pkg /usr/bin/cmake /home/hongxin/Projects/10_Github/common_tools/ezdxf_ws/src/cad_convert_msgs -DCMAKE_INSTALL_PREFIX=/home/hongxin/Projects/10_Github/common_tools/ezdxf_ws/install/cad_convert_msgs[0m
[1.149s] [34mcolcon.colcon_core.event_handler.log_command[0m [1;30mDEBUG[0m [32mInvoking command in '/home/hongxin/Projects/10_Github/common_tools/ezdxf_ws/build/cad_convert_msgs': CMAKE_PREFIX_PATH=${CMAKE_PREFIX_PATH}:/home/hongxin/Projects/10_Github/common_tools/ezdxf_ws/install/dxf_to_xml_pkg /usr/bin/cmake --build /home/hongxin/Projects/10_Github/common_tools/ezdxf_ws/build/cad_convert_msgs -- -j16 -l16[0m
[2.226s] [34mcolcon.colcon_core.event_handler.log_command[0m [1;30mDEBUG[0m [32mInvoked command in '/home/hongxin/Projects/10_Github/common_tools/ezdxf_ws/build/cad_convert_msgs' returned '0': CMAKE_PREFIX_PATH=${CMAKE_PREFIX_PATH}:/home/hongxin/Projects/10_Github/common_tools/ezdxf_ws/install/dxf_to_xml_pkg /usr/bin/cmake --build /home/hongxin/Projects/10_Github/common_tools/ezdxf_ws/build/cad_convert_msgs -- -j16 -l16[0m
[2.231s] [34mcolcon.colcon_core.event_handler.log_command[0m [1;30mDEBUG[0m [32mInvoking command in '/home/hongxin/Projects/10_Github/common_tools/ezdxf_ws/build/cad_convert_msgs': CMAKE_PREFIX_PATH=${CMAKE_PREFIX_PATH}:/home/hongxin/Projects/10_Github/common_tools/ezdxf_ws/install/dxf_to_xml_pkg /usr/bin/cmake --install /home/hongxin/Projects/10_Github/common_tools/ezdxf_ws/build/cad_convert_msgs[0m
[2.266s] [34mcolcon.colcon_core.environment[0m [1;30mLevel 1[0m create_environment_scripts_only(cad_convert_msgs)
[2.267s] [34mcolcon.colcon_core.event_handler.log_command[0m [1;30mDEBUG[0m [32mInvoked command in '/home/hongxin/Projects/10_Github/common_tools/ezdxf_ws/build/cad_convert_msgs' returned '0': CMAKE_PREFIX_PATH=${CMAKE_PREFIX_PATH}:/home/hongxin/Projects/10_Github/common_tools/ezdxf_ws/install/dxf_to_xml_pkg /usr/bin/cmake --install /home/hongxin/Projects/10_Github/common_tools/ezdxf_ws/build/cad_convert_msgs[0m
[2.268s] [34mcolcon.colcon_core.environment[0m [1;30mLevel 1[0m checking '/home/hongxin/Projects/10_Github/common_tools/ezdxf_ws/install/cad_convert_msgs' for CMake module files
[2.268s] [34mcolcon.colcon_core.environment[0m [1;30mLevel 1[0m checking '/home/hongxin/Projects/10_Github/common_tools/ezdxf_ws/install/cad_convert_msgs' for CMake config files
[2.268s] [34mcolcon.colcon_core.shell[0m [1;30mLevel 1[0m create_environment_hook('cad_convert_msgs', 'cmake_prefix_path')
[2.268s] [34mcolcon.colcon_core.shell[0m [1;30mINFO[0m Creating environment hook '/home/hongxin/Projects/10_Github/common_tools/ezdxf_ws/install/cad_convert_msgs/share/cad_convert_msgs/hook/cmake_prefix_path.ps1'
[2.269s] [34mcolcon.colcon_core.shell[0m [1;30mINFO[0m Creating environment descriptor '/home/hongxin/Projects/10_Github/common_tools/ezdxf_ws/install/cad_convert_msgs/share/cad_convert_msgs/hook/cmake_prefix_path.dsv'
[2.269s] [34mcolcon.colcon_core.shell[0m [1;30mINFO[0m Creating environment hook '/home/hongxin/Projects/10_Github/common_tools/ezdxf_ws/install/cad_convert_msgs/share/cad_convert_msgs/hook/cmake_prefix_path.sh'
[2.269s] [34mcolcon.colcon_core.environment[0m [1;30mLevel 1[0m checking '/home/hongxin/Projects/10_Github/common_tools/ezdxf_ws/install/cad_convert_msgs/lib'
[2.269s] [34mcolcon.colcon_core.shell[0m [1;30mLevel 1[0m create_environment_hook('cad_convert_msgs', 'ld_library_path_lib')
[2.270s] [34mcolcon.colcon_core.shell[0m [1;30mINFO[0m Creating environment hook '/home/hongxin/Projects/10_Github/common_tools/ezdxf_ws/install/cad_convert_msgs/share/cad_convert_msgs/hook/ld_library_path_lib.ps1'
[2.270s] [34mcolcon.colcon_core.shell[0m [1;30mINFO[0m Creating environment descriptor '/home/hongxin/Projects/10_Github/common_tools/ezdxf_ws/install/cad_convert_msgs/share/cad_convert_msgs/hook/ld_library_path_lib.dsv'
[2.270s] [34mcolcon.colcon_core.shell[0m [1;30mINFO[0m Creating environment hook '/home/hongxin/Projects/10_Github/common_tools/ezdxf_ws/install/cad_convert_msgs/share/cad_convert_msgs/hook/ld_library_path_lib.sh'
[2.270s] [34mcolcon.colcon_core.environment[0m [1;30mLevel 1[0m checking '/home/hongxin/Projects/10_Github/common_tools/ezdxf_ws/install/cad_convert_msgs/bin'
[2.270s] [34mcolcon.colcon_core.environment[0m [1;30mLevel 1[0m checking '/home/hongxin/Projects/10_Github/common_tools/ezdxf_ws/install/cad_convert_msgs/lib/pkgconfig/cad_convert_msgs.pc'
[2.270s] [34mcolcon.colcon_core.environment[0m [1;30mLevel 1[0m checking '/home/hongxin/Projects/10_Github/common_tools/ezdxf_ws/install/cad_convert_msgs/lib/python3.10/site-packages'
[2.270s] [34mcolcon.colcon_core.environment[0m [1;30mLevel 1[0m checking '/home/hongxin/Projects/10_Github/common_tools/ezdxf_ws/install/cad_convert_msgs/bin'
[2.271s] [34mcolcon.colcon_core.shell[0m [1;30mINFO[0m Creating package script '/home/hongxin/Projects/10_Github/common_tools/ezdxf_ws/install/cad_convert_msgs/share/cad_convert_msgs/package.ps1'
[2.271s] [34mcolcon.colcon_core.shell[0m [1;30mINFO[0m Creating package descriptor '/home/hongxin/Projects/10_Github/common_tools/ezdxf_ws/install/cad_convert_msgs/share/cad_convert_msgs/package.dsv'
[2.271s] [34mcolcon.colcon_core.shell[0m [1;30mINFO[0m Creating package script '/home/hongxin/Projects/10_Github/common_tools/ezdxf_ws/install/cad_convert_msgs/share/cad_convert_msgs/package.sh'
[2.271s] [34mcolcon.colcon_core.shell[0m [1;30mINFO[0m Creating package script '/home/hongxin/Projects/10_Github/common_tools/ezdxf_ws/install/cad_convert_msgs/share/cad_convert_msgs/package.bash'
[2.272s] [34mcolcon.colcon_core.shell[0m [1;30mINFO[0m Creating package script '/home/hongxin/Projects/10_Github/common_tools/ezdxf_ws/install/cad_convert_msgs/share/cad_convert_msgs/package.zsh'
[2.272s] [34mcolcon.colcon_core.environment[0m [1;30mLevel 1[0m create_file_with_runtime_dependencies(/home/hongxin/Projects/10_Github/common_tools/ezdxf_ws/install/cad_convert_msgs/share/colcon-core/packages/cad_convert_msgs)
[2.272s] [34mcolcon.colcon_core.environment[0m [1;30mLevel 1[0m create_environment_scripts_only(cad_convert_msgs)
[2.272s] [34mcolcon.colcon_core.environment[0m [1;30mLevel 1[0m checking '/home/hongxin/Projects/10_Github/common_tools/ezdxf_ws/install/cad_convert_msgs' for CMake module files
[2.272s] [34mcolcon.colcon_core.environment[0m [1;30mLevel 1[0m checking '/home/hongxin/Projects/10_Github/common_tools/ezdxf_ws/install/cad_convert_msgs' for CMake config files
[2.273s] [34mcolcon.colcon_core.shell[0m [1;30mLevel 1[0m create_environment_hook('cad_convert_msgs', 'cmake_prefix_path')
[2.273s] [34mcolcon.colcon_core.shell[0m [1;30mINFO[0m Creating environment hook '/home/hongxin/Projects/10_Github/common_tools/ezdxf_ws/install/cad_convert_msgs/share/cad_convert_msgs/hook/cmake_prefix_path.ps1'
[2.273s] [34mcolcon.colcon_core.shell[0m [1;30mINFO[0m Creating environment descriptor '/home/hongxin/Projects/10_Github/common_tools/ezdxf_ws/install/cad_convert_msgs/share/cad_convert_msgs/hook/cmake_prefix_path.dsv'
[2.273s] [34mcolcon.colcon_core.shell[0m [1;30mINFO[0m Creating environment hook '/home/hongxin/Projects/10_Github/common_tools/ezdxf_ws/install/cad_convert_msgs/share/cad_convert_msgs/hook/cmake_prefix_path.sh'
[2.273s] [34mcolcon.colcon_core.environment[0m [1;30mLevel 1[0m checking '/home/hongxin/Projects/10_Github/common_tools/ezdxf_ws/install/cad_convert_msgs/lib'
[2.273s] [34mcolcon.colcon_core.shell[0m [1;30mLevel 1[0m create_environment_hook('cad_convert_msgs', 'ld_library_path_lib')
[2.273s] [34mcolcon.colcon_core.shell[0m [1;30mINFO[0m Creating environment hook '/home/hongxin/Projects/10_Github/common_tools/ezdxf_ws/install/cad_convert_msgs/share/cad_convert_msgs/hook/ld_library_path_lib.ps1'
[2.273s] [34mcolcon.colcon_core.shell[0m [1;30mINFO[0m Creating environment descriptor '/home/hongxin/Projects/10_Github/common_tools/ezdxf_ws/install/cad_convert_msgs/share/cad_convert_msgs/hook/ld_library_path_lib.dsv'
[2.273s] [34mcolcon.colcon_core.shell[0m [1;30mINFO[0m Creating environment hook '/home/hongxin/Projects/10_Github/common_tools/ezdxf_ws/install/cad_convert_msgs/share/cad_convert_msgs/hook/ld_library_path_lib.sh'
[2.274s] [34mcolcon.colcon_core.environment[0m [1;30mLevel 1[0m checking '/home/hongxin/Projects/10_Github/common_tools/ezdxf_ws/install/cad_convert_msgs/bin'
[2.274s] [34mcolcon.colcon_core.environment[0m [1;30mLevel 1[0m checking '/home/hongxin/Projects/10_Github/common_tools/ezdxf_ws/install/cad_convert_msgs/lib/pkgconfig/cad_convert_msgs.pc'
[2.274s] [34mcolcon.colcon_core.environment[0m [1;30mLevel 1[0m checking '/home/hongxin/Projects/10_Github/common_tools/ezdxf_ws/install/cad_convert_msgs/lib/python3.10/site-packages'
[2.274s] [34mcolcon.colcon_core.environment[0m [1;30mLevel 1[0m checking '/home/hongxin/Projects/10_Github/common_tools/ezdxf_ws/install/cad_convert_msgs/bin'
[2.274s] [34mcolcon.colcon_core.shell[0m [1;30mINFO[0m Creating package script '/home/hongxin/Projects/10_Github/common_tools/ezdxf_ws/install/cad_convert_msgs/share/cad_convert_msgs/package.ps1'
[2.274s] [34mcolcon.colcon_core.shell[0m [1;30mINFO[0m Creating package descriptor '/home/hongxin/Projects/10_Github/common_tools/ezdxf_ws/install/cad_convert_msgs/share/cad_convert_msgs/package.dsv'
[2.274s] [34mcolcon.colcon_core.shell[0m [1;30mINFO[0m Creating package script '/home/hongxin/Projects/10_Github/common_tools/ezdxf_ws/install/cad_convert_msgs/share/cad_convert_msgs/package.sh'
[2.275s] [34mcolcon.colcon_core.shell[0m [1;30mINFO[0m Creating package script '/home/hongxin/Projects/10_Github/common_tools/ezdxf_ws/install/cad_convert_msgs/share/cad_convert_msgs/package.bash'
[2.275s] [34mcolcon.colcon_core.shell[0m [1;30mINFO[0m Creating package script '/home/hongxin/Projects/10_Github/common_tools/ezdxf_ws/install/cad_convert_msgs/share/cad_convert_msgs/package.zsh'
[2.275s] [34mcolcon.colcon_core.environment[0m [1;30mLevel 1[0m create_file_with_runtime_dependencies(/home/hongxin/Projects/10_Github/common_tools/ezdxf_ws/install/cad_convert_msgs/share/colcon-core/packages/cad_convert_msgs)
[2.275s] [34mcolcon.colcon_ros.task.ament_python.build[0m [1;30mINFO[0m Building ROS package in '/home/hongxin/Projects/10_Github/common_tools/ezdxf_ws/src/dxf_to_xml_pkg' with build type 'ament_python'
[2.275s] [34mcolcon.colcon_core.shell[0m [1;30mLevel 1[0m create_environment_hook('dxf_to_xml_pkg', 'ament_prefix_path')
[2.275s] [34mcolcon.colcon_core.shell[0m [1;30mINFO[0m Creating environment hook '/home/hongxin/Projects/10_Github/common_tools/ezdxf_ws/install/dxf_to_xml_pkg/share/dxf_to_xml_pkg/hook/ament_prefix_path.ps1'
[2.276s] [34mcolcon.colcon_core.shell[0m [1;30mINFO[0m Creating environment descriptor '/home/hongxin/Projects/10_Github/common_tools/ezdxf_ws/install/dxf_to_xml_pkg/share/dxf_to_xml_pkg/hook/ament_prefix_path.dsv'
[2.276s] [34mcolcon.colcon_core.shell[0m [1;30mINFO[0m Creating environment hook '/home/hongxin/Projects/10_Github/common_tools/ezdxf_ws/install/dxf_to_xml_pkg/share/dxf_to_xml_pkg/hook/ament_prefix_path.sh'
[2.276s] [34mcolcon.colcon_core.shell[0m [1;30mINFO[0m Skip shell extension 'powershell' for command environment: Not usable outside of PowerShell
[2.276s] [34mcolcon.colcon_core.shell[0m [1;30mDEBUG[0m [32mSkip shell extension 'dsv' for command environment[0m
[2.422s] [34mcolcon.colcon_core.task.python.build[0m [1;30mINFO[0m Building Python package in '/home/hongxin/Projects/10_Github/common_tools/ezdxf_ws/src/dxf_to_xml_pkg'
[2.423s] [34mcolcon.colcon_core.shell[0m [1;30mINFO[0m Skip shell extension 'powershell' for command environment: Not usable outside of PowerShell
[2.423s] [34mcolcon.colcon_core.shell[0m [1;30mDEBUG[0m [32mSkip shell extension 'dsv' for command environment[0m
[2.583s] [34mcolcon.colcon_core.event_handler.log_command[0m [1;30mDEBUG[0m [32mInvoking command in '/home/hongxin/Projects/10_Github/common_tools/ezdxf_ws/src/dxf_to_xml_pkg': PYTHONPATH=/home/hongxin/Projects/10_Github/common_tools/ezdxf_ws/build/dxf_to_xml_pkg/prefix_override:/usr/lib/python3/dist-packages/colcon_core/task/python/colcon_distutils_commands:/home/hongxin/Projects/10_Github/common_tools/ezdxf_ws/install/dxf_to_xml_pkg/lib/python3.10/site-packages:/home/hongxin/Projects/10_Github/common_tools/ezdxf_ws/install/cad_convert_msgs/local/lib/python3.10/dist-packages:${PYTHONPATH} /usr/bin/python3 -W ignore:setup.py install is deprecated -W ignore:easy_install command is deprecated setup.py egg_info --egg-base ../../build/dxf_to_xml_pkg build --build-base /home/hongxin/Projects/10_Github/common_tools/ezdxf_ws/build/dxf_to_xml_pkg/build install --record /home/hongxin/Projects/10_Github/common_tools/ezdxf_ws/build/dxf_to_xml_pkg/install.log --single-version-externally-managed install_data[0m
[2.711s] [34mcolcon.colcon_core.environment[0m [1;30mLevel 1[0m checking '/home/hongxin/Projects/10_Github/common_tools/ezdxf_ws/install/dxf_to_xml_pkg' for CMake module files
[2.711s] [34mcolcon.colcon_core.environment[0m [1;30mLevel 1[0m checking '/home/hongxin/Projects/10_Github/common_tools/ezdxf_ws/install/dxf_to_xml_pkg' for CMake config files
[2.712s] [34mcolcon.colcon_core.environment[0m [1;30mLevel 1[0m checking '/home/hongxin/Projects/10_Github/common_tools/ezdxf_ws/install/dxf_to_xml_pkg/lib'
[2.712s] [34mcolcon.colcon_core.environment[0m [1;30mLevel 1[0m checking '/home/hongxin/Projects/10_Github/common_tools/ezdxf_ws/install/dxf_to_xml_pkg/bin'
[2.712s] [34mcolcon.colcon_core.event_handler.log_command[0m [1;30mDEBUG[0m [32mInvoked command in '/home/hongxin/Projects/10_Github/common_tools/ezdxf_ws/src/dxf_to_xml_pkg' returned '0': PYTHONPATH=/home/hongxin/Projects/10_Github/common_tools/ezdxf_ws/build/dxf_to_xml_pkg/prefix_override:/usr/lib/python3/dist-packages/colcon_core/task/python/colcon_distutils_commands:/home/hongxin/Projects/10_Github/common_tools/ezdxf_ws/install/dxf_to_xml_pkg/lib/python3.10/site-packages:/home/hongxin/Projects/10_Github/common_tools/ezdxf_ws/install/cad_convert_msgs/local/lib/python3.10/dist-packages:${PYTHONPATH} /usr/bin/python3 -W ignore:setup.py install is deprecated -W ignore:easy_install command is deprecated setup.py egg_info --egg-base ../../build/dxf_to_xml_pkg build --build-base /home/hongxin/Projects/10_Github/common_tools/ezdxf_ws/build/dxf_to_xml_pkg/build install --record /home/hongxin/Projects/10_Github/common_tools/ezdxf_ws/build/dxf_to_xml_pkg/install.log --single-version-externally-managed install_data[0m
[2.712s] [34mcolcon.colcon_core.environment[0m [1;30mLevel 1[0m checking '/home/hongxin/Projects/10_Github/common_tools/ezdxf_ws/install/dxf_to_xml_pkg/lib/pkgconfig/dxf_to_xml_pkg.pc'
[2.713s] [34mcolcon.colcon_core.environment[0m [1;30mLevel 1[0m checking '/home/hongxin/Projects/10_Github/common_tools/ezdxf_ws/install/dxf_to_xml_pkg/lib/python3.10/site-packages'
[2.713s] [34mcolcon.colcon_core.shell[0m [1;30mLevel 1[0m create_environment_hook('dxf_to_xml_pkg', 'pythonpath')
[2.713s] [34mcolcon.colcon_core.shell[0m [1;30mINFO[0m Creating environment hook '/home/hongxin/Projects/10_Github/common_tools/ezdxf_ws/install/dxf_to_xml_pkg/share/dxf_to_xml_pkg/hook/pythonpath.ps1'
[2.714s] [34mcolcon.colcon_core.shell[0m [1;30mINFO[0m Creating environment descriptor '/home/hongxin/Projects/10_Github/common_tools/ezdxf_ws/install/dxf_to_xml_pkg/share/dxf_to_xml_pkg/hook/pythonpath.dsv'
[2.714s] [34mcolcon.colcon_core.shell[0m [1;30mINFO[0m Creating environment hook '/home/hongxin/Projects/10_Github/common_tools/ezdxf_ws/install/dxf_to_xml_pkg/share/dxf_to_xml_pkg/hook/pythonpath.sh'
[2.715s] [34mcolcon.colcon_core.environment[0m [1;30mLevel 1[0m checking '/home/hongxin/Projects/10_Github/common_tools/ezdxf_ws/install/dxf_to_xml_pkg/bin'
[2.715s] [34mcolcon.colcon_core.environment[0m [1;30mLevel 1[0m create_environment_scripts_only(dxf_to_xml_pkg)
[2.716s] [34mcolcon.colcon_core.shell[0m [1;30mINFO[0m Creating package script '/home/hongxin/Projects/10_Github/common_tools/ezdxf_ws/install/dxf_to_xml_pkg/share/dxf_to_xml_pkg/package.ps1'
[2.716s] [34mcolcon.colcon_core.shell[0m [1;30mINFO[0m Creating package descriptor '/home/hongxin/Projects/10_Github/common_tools/ezdxf_ws/install/dxf_to_xml_pkg/share/dxf_to_xml_pkg/package.dsv'
[2.717s] [34mcolcon.colcon_core.shell[0m [1;30mINFO[0m Creating package script '/home/hongxin/Projects/10_Github/common_tools/ezdxf_ws/install/dxf_to_xml_pkg/share/dxf_to_xml_pkg/package.sh'
[2.717s] [34mcolcon.colcon_core.shell[0m [1;30mINFO[0m Creating package script '/home/hongxin/Projects/10_Github/common_tools/ezdxf_ws/install/dxf_to_xml_pkg/share/dxf_to_xml_pkg/package.bash'
[2.718s] [34mcolcon.colcon_core.shell[0m [1;30mINFO[0m Creating package script '/home/hongxin/Projects/10_Github/common_tools/ezdxf_ws/install/dxf_to_xml_pkg/share/dxf_to_xml_pkg/package.zsh'
[2.718s] [34mcolcon.colcon_core.environment[0m [1;30mLevel 1[0m create_file_with_runtime_dependencies(/home/hongxin/Projects/10_Github/common_tools/ezdxf_ws/install/dxf_to_xml_pkg/share/colcon-core/packages/dxf_to_xml_pkg)
[2.719s] [34mcolcon.colcon_parallel_executor.executor.parallel[0m [1;30mDEBUG[0m [32mclosing loop[0m
[2.719s] [34mcolcon.colcon_parallel_executor.executor.parallel[0m [1;30mDEBUG[0m [32mloop closed[0m
[2.719s] [34mcolcon.colcon_parallel_executor.executor.parallel[0m [1;30mDEBUG[0m [32mrun_until_complete finished with '0'[0m
[2.719s] [34mcolcon.colcon_core.event_reactor[0m [1;30mDEBUG[0m [32mjoining thread[0m
[2.722s] [34mcolcon.colcon_core.plugin_system[0m [1;30mINFO[0m Skipping extension 'colcon_notification.desktop_notification.terminal_notifier': Not used on non-Darwin systems
[2.722s] [34mcolcon.colcon_core.plugin_system[0m [1;30mINFO[0m Skipping extension 'colcon_notification.desktop_notification.win32': Not used on non-Windows systems
[2.722s] [34mcolcon.colcon_notification.desktop_notification[0m [1;30mINFO[0m Sending desktop notification using 'notify2'
[2.730s] [34mcolcon.colcon_core.event_reactor[0m [1;30mDEBUG[0m [32mjoined thread[0m
[2.731s] [34mcolcon.colcon_core.shell[0m [1;30mINFO[0m Creating prefix script '/home/hongxin/Projects/10_Github/common_tools/ezdxf_ws/install/local_setup.ps1'
[2.731s] [34mcolcon.colcon_core.shell[0m [1;30mINFO[0m Creating prefix util module '/home/hongxin/Projects/10_Github/common_tools/ezdxf_ws/install/_local_setup_util_ps1.py'
[2.732s] [34mcolcon.colcon_core.shell[0m [1;30mINFO[0m Creating prefix chain script '/home/hongxin/Projects/10_Github/common_tools/ezdxf_ws/install/setup.ps1'
[2.732s] [34mcolcon.colcon_core.shell[0m [1;30mINFO[0m Creating prefix script '/home/hongxin/Projects/10_Github/common_tools/ezdxf_ws/install/local_setup.sh'
[2.732s] [34mcolcon.colcon_core.shell[0m [1;30mINFO[0m Creating prefix util module '/home/hongxin/Projects/10_Github/common_tools/ezdxf_ws/install/_local_setup_util_sh.py'
[2.732s] [34mcolcon.colcon_core.shell[0m [1;30mINFO[0m Creating prefix chain script '/home/hongxin/Projects/10_Github/common_tools/ezdxf_ws/install/setup.sh'
[2.733s] [34mcolcon.colcon_core.shell[0m [1;30mINFO[0m Creating prefix script '/home/hongxin/Projects/10_Github/common_tools/ezdxf_ws/install/local_setup.bash'
[2.733s] [34mcolcon.colcon_core.shell[0m [1;30mINFO[0m Creating prefix chain script '/home/hongxin/Projects/10_Github/common_tools/ezdxf_ws/install/setup.bash'
[2.733s] [34mcolcon.colcon_core.shell[0m [1;30mINFO[0m Creating prefix script '/home/hongxin/Projects/10_Github/common_tools/ezdxf_ws/install/local_setup.zsh'
[2.734s] [34mcolcon.colcon_core.shell[0m [1;30mINFO[0m Creating prefix chain script '/home/hongxin/Projects/10_Github/common_tools/ezdxf_ws/install/setup.zsh'
