-- The C compiler identification is GNU 11.4.0
-- The CXX compiler identification is GNU 11.4.0
-- Detecting C compiler ABI info
-- Detecting C compiler ABI info - done
-- Check for working C compiler: /usr/bin/cc - skipped
-- Detecting C compile features
-- Detecting C compile features - done
-- Detecting CXX compiler ABI info
-- Detecting CXX compiler ABI info - done
-- Check for working CXX compiler: /usr/bin/c++ - skipped
-- Detecting CXX compile features
-- Detecting CXX compile features - done
-- Found ament_cmake: 1.3.12 (/opt/ros/humble/share/ament_cmake/cmake)
-- Found Python3: /usr/bin/python3 (found version "3.10.12") found components: Interpreter 
-- Found rclcpp: 16.0.16 (/opt/ros/humble/share/rclcpp/cmake)
-- Found rosidl_generator_c: 3.1.7 (/opt/ros/humble/share/rosidl_generator_c/cmake)
-- Found rosidl_adapter: 3.1.7 (/opt/ros/humble/share/rosidl_adapter/cmake)
-- Found rosidl_generator_cpp: 3.1.7 (/opt/ros/humble/share/rosidl_generator_cpp/cmake)
-- Using all available rosidl_typesupport_c: rosidl_typesupport_fastrtps_c;rosidl_typesupport_introspection_c
-- Using all available rosidl_typesupport_cpp: rosidl_typesupport_fastrtps_cpp;rosidl_typesupport_introspection_cpp
-- Found rmw_implementation_cmake: 6.1.2 (/opt/ros/humble/share/rmw_implementation_cmake/cmake)
-- Found rmw_fastrtps_cpp: 6.2.9 (/opt/ros/humble/share/rmw_fastrtps_cpp/cmake)
-- Found OpenSSL: /usr/lib/x86_64-linux-gnu/libcrypto.so (found version "3.0.2")  
-- Found FastRTPS: /opt/ros/humble/include  
-- Using RMW implementation 'rmw_fastrtps_cpp' as default
-- Looking for pthread.h
-- Looking for pthread.h - found
-- Performing Test CMAKE_HAVE_LIBC_PTHREAD
-- Performing Test CMAKE_HAVE_LIBC_PTHREAD - Success
-- Found Threads: TRUE  
-- Found OpenCV: /usr (found version "4.5.4") 
-- Configuring done
-- Generating done
[33mCMake Warning:
  Manually-specified variables were not used by the project:

    CATKIN_INSTALL_INTO_PREFIX_ROOT

[0m
-- Build files have been written to: /home/hongxin/Projects/10_Github/common_tools/cmakelists_ws/build/ros2_depend
[ 25%] [32mBuilding CXX object CMakeFiles/my_utils.dir/src/my_utils.cpp.o[0m
[ 50%] [32m[1mLinking CXX static library libmy_utils.a[0m
[ 50%] Built target my_utils
[ 75%] [32mBuilding CXX object CMakeFiles/my_node.dir/src/my_node.cpp.o[0m
[100%] [32m[1mLinking CXX executable my_node[0m
[100%] Built target my_node
-- Install configuration: ""
-- Installing: /home/hongxin/Projects/10_Github/common_tools/cmakelists_ws/install/ros2_depend/lib/ros2_depend/my_node
-- Set runtime path of "/home/hongxin/Projects/10_Github/common_tools/cmakelists_ws/install/ros2_depend/lib/ros2_depend/my_node" to ""
-- Installing: /home/hongxin/Projects/10_Github/common_tools/cmakelists_ws/install/ros2_depend/lib/ros2_depend/libmy_utils.a
-- Installing: /home/hongxin/Projects/10_Github/common_tools/cmakelists_ws/install/ros2_depend/include/ros2_depend
-- Installing: /home/hongxin/Projects/10_Github/common_tools/cmakelists_ws/install/ros2_depend/include/ros2_depend/ros2_depend
-- Installing: /home/hongxin/Projects/10_Github/common_tools/cmakelists_ws/install/ros2_depend/include/ros2_depend/ros2_depend/my_utils.hpp
-- Installing: /home/hongxin/Projects/10_Github/common_tools/cmakelists_ws/install/ros2_depend/share/ros2_depend/environment/library_path.sh
-- Installing: /home/hongxin/Projects/10_Github/common_tools/cmakelists_ws/install/ros2_depend/share/ros2_depend/environment/library_path.dsv
-- Installing: /home/hongxin/Projects/10_Github/common_tools/cmakelists_ws/install/ros2_depend/share/ament_index/resource_index/package_run_dependencies/ros2_depend
-- Installing: /home/hongxin/Projects/10_Github/common_tools/cmakelists_ws/install/ros2_depend/share/ament_index/resource_index/parent_prefix_path/ros2_depend
-- Installing: /home/hongxin/Projects/10_Github/common_tools/cmakelists_ws/install/ros2_depend/share/ros2_depend/environment/ament_prefix_path.sh
-- Installing: /home/hongxin/Projects/10_Github/common_tools/cmakelists_ws/install/ros2_depend/share/ros2_depend/environment/ament_prefix_path.dsv
-- Installing: /home/hongxin/Projects/10_Github/common_tools/cmakelists_ws/install/ros2_depend/share/ros2_depend/environment/path.sh
-- Installing: /home/hongxin/Projects/10_Github/common_tools/cmakelists_ws/install/ros2_depend/share/ros2_depend/environment/path.dsv
-- Installing: /home/hongxin/Projects/10_Github/common_tools/cmakelists_ws/install/ros2_depend/share/ros2_depend/local_setup.bash
-- Installing: /home/hongxin/Projects/10_Github/common_tools/cmakelists_ws/install/ros2_depend/share/ros2_depend/local_setup.sh
-- Installing: /home/hongxin/Projects/10_Github/common_tools/cmakelists_ws/install/ros2_depend/share/ros2_depend/local_setup.zsh
-- Installing: /home/hongxin/Projects/10_Github/common_tools/cmakelists_ws/install/ros2_depend/share/ros2_depend/local_setup.dsv
-- Installing: /home/hongxin/Projects/10_Github/common_tools/cmakelists_ws/install/ros2_depend/share/ros2_depend/package.dsv
-- Installing: /home/hongxin/Projects/10_Github/common_tools/cmakelists_ws/install/ros2_depend/share/ament_index/resource_index/packages/ros2_depend
-- Installing: /home/hongxin/Projects/10_Github/common_tools/cmakelists_ws/install/ros2_depend/share/ros2_depend/cmake/ament_cmake_export_dependencies-extras.cmake
-- Installing: /home/hongxin/Projects/10_Github/common_tools/cmakelists_ws/install/ros2_depend/share/ros2_depend/cmake/ament_cmake_export_include_directories-extras.cmake
-- Installing: /home/hongxin/Projects/10_Github/common_tools/cmakelists_ws/install/ros2_depend/share/ros2_depend/cmake/ament_cmake_export_libraries-extras.cmake
-- Installing: /home/hongxin/Projects/10_Github/common_tools/cmakelists_ws/install/ros2_depend/share/ros2_depend/cmake/ros2_dependConfig.cmake
-- Installing: /home/hongxin/Projects/10_Github/common_tools/cmakelists_ws/install/ros2_depend/share/ros2_depend/cmake/ros2_dependConfig-version.cmake
-- Installing: /home/hongxin/Projects/10_Github/common_tools/cmakelists_ws/install/ros2_depend/share/ros2_depend/package.xml
